<html>
<body>
<pre>
<h1>礦ision Build Log</h1>
<h2>Project:</h2>
D:\jiang\test\CW301V2.5\Project\MDKARM\ACR301V24.uvproj
Project File Date:  09/21/2019

<h2>Output:</h2>
Build target 'CW301V2.5'
linking...
Program Size: Code=28726 RO-data=5082 RW-data=176 ZI-data=2152  
FromELF: creating hex file...
After Build - User command #1: CopyHex_AT24XX.bat
D:\jiang\test\CW301V2.5\Project\MDKARM>copy Objects\CW301-25.hex ..\HEX\CW301-25.hex 
已复制         1 个文件。
".\Objects\CW301-25.axf" - 0 Error(s), 0 Warning(s).
</pre>
</body>
</html>
iling stm32f10x_it.c...
compiling misc.c...
compiling stm32f10x_adc.c...
compiling stm32f10x_bkp.c...
compiling stm32f10x_can.c...
compiling stm32f10x_cec.c...
compiling stm32f10x_crc.c...
compiling stm32f10x_dac.c...
compiling stm32f10x_dbgmcu.c...
compiling stm32f10x_dma.c...
compiling stm32f10x_exti.c...
compiling stm32f10x_flash.c...
compiling stm32f10x_fsmc.c...
compiling stm32f10x_gpio.c...
compiling stm32f10x_i2c.c...
compiling stm32f10x_iwdg.c...
compiling stm32f10x_pwr.c...
compiling stm32f10x_rcc.c...
compiling stm32f10x_rtc.c...
compiling stm32f10x_sdio.c...
compiling stm32f10x_spi.c...
compiling stm32f10x_tim.c...
compiling stm32f10x_usart.c...
compiling stm32f10x_wwdg.c...
compiling system_stm32f10x.c...
linking...
Program Size: Code=28726 RO-data=5082 RW-data=176 ZI-data=2152  
FromELF: creating hex file...
After Build - User command #1: CopyHex_AT24XX.bat
D:\jiang\test\CW301V2.5\Project\MDKARM>copy Objects\CW301-25.hex ..\HEX\CW301-25.hex 
已复制         1 个文件。
".\Objects\CW301-25.axf" - 0 Error(s), 1 Warning(s).
Load "D:\\jiang\\test\\CW301V2.5\\Project\\MDKARM\\Objects\\CW301-25.axf" 
Set JLink Project File to "D:\jiang\test\CW301V2.5\Project\MDKARM\JLinkSettings.ini"
* JLink Info: Device "STM32F103RB" selected (128 KB flash, 20 KB RAM).
 
JLink info:
------------
DLL: V4.90 , compiled Jul 28 2014 10:35:20
Firmware: J-Link V9 compiled Dec 16 2016 15:34:10
Hardware: V9.30
S/N : 59300616 
Feature(s) : RDI, FlashBP, FlashDL, JFlash, GDB 
 
* JLink Info: Found SWD-DP with ID 0x1BA01477
* JLink Info: Found SWD-DP with ID 0x1BA01477
* JLink Info: Found Cortex-M3 r2p1, Little endian.
* JLink Info: FPUnit: 6 code (BP) slots and 2 literal slots
* JLink Info: TPIU fitted.
ROMTableAddr = 0xE00FF003
 
Target info:
------------
Device: STM32F103RB
VTarget = 3.330V
State of Pins: 
TCK: 0, TDI: 1, TDO: 1, TMS: 1, TRES: 1, TRST: 1
Hardware-Breakpoints: 6
Software-Breakpoints: 8192
Watchpoints:          4
JTAG speed: 2000 kHz
 
Erase Done.
Programming Done.
Verify OK.
Application running ...
