<html>
<body>
<pre>
<h1>礦ision Build Log</h1>
<h2>Project:</h2>
D:\jiang\test\CW301V2.5\Project\MDKARM\ACR301V24.uvproj
Project File Date:  12/26/2018

<h2>Output:</h2>
Build target 'CW301V2.5'
linking...
Program Size: Code=28790 RO-data=5082 RW-data=152 ZI-data=2152  
FromELF: creating hex file...
After Build - User command #1: CopyHex_AT24XX.bat
D:\jiang\test\CW301V2.5\Project\MDKARM>copy Objects\CW301-25.hex ..\HEX\CW301-25.hex 
已复制         1 个文件。
".\Objects\CW301-25.axf" - 0 Error(s), 0 Warning(s).
</pre>
</body>
</html>
..
compiling stm32f10x_dac.c...
compiling stm32f10x_dbgmcu.c...
compiling stm32f10x_dma.c...
compiling stm32f10x_exti.c...
compiling stm32f10x_flash.c...
compiling stm32f10x_fsmc.c...
compiling stm32f10x_gpio.c...
compiling stm32f10x_i2c.c...
compiling stm32f10x_iwdg.c...
compiling stm32f10x_pwr.c...
compiling stm32f10x_rcc.c...
compiling stm32f10x_rtc.c...
compiling stm32f10x_sdio.c...
compiling stm32f10x_spi.c...
compiling stm32f10x_tim.c...
compiling stm32f10x_usart.c...
compiling stm32f10x_wwdg.c...
compiling core_cm3.c...
compiling system_stm32f10x.c...
assembling startup_stm32f10x_md.s...
linking...
Program Size: Code=28790 RO-data=5082 RW-data=152 ZI-data=2152  
FromELF: creating hex file...
After Build - User command #1: CopyHex_AT24XX.bat
D:\jiang\test\CW301V2.5\Project\MDKARM>copy Objects\CW301-24.hex ..\HEX\CW301-24.hex 
已复制         1 个文件。
".\Objects\CW301-25.axf" - 0 Error(s), 0 Warning(s).
ne.
Verify OK.
