ARM Linker, 5.03 [Build 76] [MDK-ARM Standard][RL-ARM]

==============================================================================

Section Cross References

    main.o(.text) refers to main.o(.bss) for .bss
    main.o(.text) refers to main.o(.constdata) for .constdata
    main.o(.text) refers to main.o(.data) for .data
    main.o(.text) refers to at24cxx.o(.text) for CommIIC
    main.o(.text) refers to taskmain2.o(.text) for Task2
    main.o(.text) refers to stm32f10x_iwdg.o(.text) for IWDG_WriteAccessCmd
    main.o(.text) refers to bps.o(.text) for BSP_Init
    main.o(.text) refers to stm32f10x_rcc.o(.text) for RCC_GetFlagStatus
    main.o(.text) refers to taskmain1.o(.text) for StartDisplay
    user.o(.text) refers to user.o(.constdata) for .constdata
    user.o(.text) refers to user.o(.data) for .data
    bps.o(.text) refers to stm32f10x_rcc.o(.text) for RCC_APB2PeriphClockCmd
    bps.o(.text) refers to stm32f10x_gpio.o(.text) for GPIO_Init
    bps.o(.text) refers to stm32f10x_tim.o(.text) for TIM_TimeBaseInit
    bps.o(.text) refers to misc.o(.text) for NVIC_Init
    bps.o(.text) refers to stm32f10x_exti.o(.text) for EXTI_ClearITPendingBit
    bps.o(.text) refers to stm32f10x_adc.o(.text) for ADC_Init
    bps.o(.text) refers to stm32f10x_dma.o(.text) for DMA_DeInit
    bps.o(.text) refers to system_stm32f10x.o(.text) for SystemCoreClockUpdate
    bps.o(.text) refers to main.o(.bss) for SYS
    bps.o(.text) refers to system_stm32f10x.o(.data) for SystemCoreClock
    lib.o(.text) refers to dflt_clz.o(x$fpl$dflt) for __aeabi_i2d
    lib.o(.text) refers to pow.o(i.pow) for pow
    lib.o(.text) refers to daddsub_clz.o(x$fpl$drsb) for __aeabi_drsub
    lib.o(.text) refers to dfix.o(x$fpl$dfix) for __aeabi_d2iz
    lib.o(.text) refers to fflt_clz.o(x$fpl$fflt) for __aeabi_i2f
    lib.o(.text) refers to f2d.o(x$fpl$f2d) for __aeabi_f2d
    lib.o(.text) refers to dmul.o(x$fpl$dmul) for __aeabi_dmul
    lib.o(.text) refers to d2f.o(x$fpl$d2f) for __aeabi_d2f
    lib.o(.text) refers to fdiv.o(x$fpl$fdiv) for __aeabi_fdiv
    lib.o(.text) refers to fmul.o(x$fpl$fmul) for __aeabi_fmul
    lib.o(.text) refers to faddsub_clz.o(x$fpl$fadd) for __aeabi_fadd
    lib.o(.text) refers to faddsub_clz.o(x$fpl$fsub) for __aeabi_fsub
    lib.o(.text) refers to daddsub_clz.o(x$fpl$dadd) for __aeabi_dadd
    lib.o(.text) refers to ddiv.o(x$fpl$ddiv) for __aeabi_ddiv
    lib.o(.text) refers to scalbn.o(x$fpl$scalbn) for __ARM_scalbn
    lib.o(.text) refers to daddsub_clz.o(x$fpl$dsub) for __aeabi_dsub
    lib.o(.text) refers to lib.o(.data) for .data
    taskmain1.o(.text) refers to user.o(.text) for ConverTime
    taskmain1.o(.text) refers to dflt_clz.o(x$fpl$dfltu) for __aeabi_ui2d
    taskmain1.o(.text) refers to dmul.o(x$fpl$dmul) for __aeabi_dmul
    taskmain1.o(.text) refers to daddsub_clz.o(x$fpl$dadd) for __aeabi_dadd
    taskmain1.o(.text) refers to dfixu.o(x$fpl$dfixu) for __aeabi_d2uiz
    taskmain1.o(.text) refers to fflt_clz.o(x$fpl$fflt) for __aeabi_i2f
    taskmain1.o(.text) refers to scalbnf.o(x$fpl$scalbnf) for __ARM_scalbnf
    taskmain1.o(.text) refers to fmul.o(x$fpl$fmul) for __aeabi_fmul
    taskmain1.o(.text) refers to fdiv.o(x$fpl$fdiv) for __aeabi_fdiv
    taskmain1.o(.text) refers to ffixu.o(x$fpl$ffixu) for __aeabi_f2uiz
    taskmain1.o(.text) refers to main.o(.bss) for SYS
    taskmain1.o(.text) refers to main.o(.bss) for TurnData
    taskmain1.o(.text) refers to main.o(.bss) for TurnData2
    taskmain1.o(.text) refers to main.o(.data) for UpOrDownToSV_Flag
    taskmain1.o(.text) refers to main.o(.data) for CountStep
    taskmain1.o(.text) refers to taskmain1.o(.data) for .data
    taskmain1.o(.text) refers to faddsub_clz.o(x$fpl$fadd) for __aeabi_fadd
    taskmain1.o(.text) refers to faddsub_clz.o(x$fpl$fsub) for __aeabi_fsub
    taskmain1.o(.text) refers to f2d.o(x$fpl$f2d) for __aeabi_f2d
    taskmain1.o(.text) refers to dfix.o(x$fpl$dfix) for __aeabi_d2iz
    taskmain1.o(.text) refers to main.o(.text) for Delay
    taskmain1.o(.text) refers to main.o(.data) for divflag
    taskmain1.o(.text) refers to main.o(.data) for disCheck
    taskmain1.o(.text) refers to main.o(.constdata) for ascii
    taskmain1.o(.text) refers to taskmain1.o(.bss) for .bss
    taskmain1.o(.text) refers to dflt_clz.o(x$fpl$dflt) for __aeabi_i2d
    taskmain1.o(.text) refers to ddiv.o(x$fpl$ddiv) for __aeabi_ddiv
    taskmain1.o(.text) refers to lib.o(.text) for ModData1
    taskmain1.o(.text) refers to scalbn.o(x$fpl$scalbn) for __ARM_scalbn
    taskmain1.o(.text) refers to at24cxx.o(.text) for CommIIC
    taskmain1.o(.text) refers to main.o(.data) for power
    taskmain1.o(.text) refers to main.o(.bss) for TurnDataAll
    taskmain1.o(.text) refers to ffix.o(x$fpl$ffix) for __aeabi_f2iz
    taskmain2.o(.text) refers to taskmain1.o(.text) for ResetManualTurn
    taskmain2.o(.text) refers to main.o(.bss) for SYS
    taskmain2.o(.text) refers to main.o(.data) for DivNumPV
[...]
    ..\..\Libraries\STM32F10x_StdPeriph_Driver\src\stm32f10x_bkp.c 0x00000000   Number         0  stm32f10x_bkp.o ABSOLUTE
    ..\..\Libraries\STM32F10x_StdPeriph_Driver\src\stm32f10x_can.c 0x00000000   Number         0  stm32f10x_can.o ABSOLUTE
    ..\..\Libraries\STM32F10x_StdPeriph_Driver\src\stm32f10x_cec.c 0x00000000   Number         0  stm32f10x_cec.o ABSOLUTE
    ..\..\Libraries\STM32F10x_StdPeriph_Driver\src\stm32f10x_crc.c 0x00000000   Number         0  stm32f10x_crc.o ABSOLUTE
    ..\..\Libraries\STM32F10x_StdPeriph_Driver\src\stm32f10x_dac.c 0x00000000   Number         0  stm32f10x_dac.o ABSOLUTE
    ..\..\Libraries\STM32F10x_StdPeriph_Driver\src\stm32f10x_dbgmcu.c 0x00000000   Number         0  stm32f10x_dbgmcu.o ABSOLUTE
    ..\..\Libraries\STM32F10x_StdPeriph_Driver\src\stm32f10x_dma.c 0x00000000   Number         0  stm32f10x_dma.o ABSOLUTE
    ..\..\Libraries\STM32F10x_StdPeriph_Driver\src\stm32f10x_exti.c 0x00000000   Number         0  stm32f10x_exti.o ABSOLUTE
    ..\..\Libraries\STM32F10x_StdPeriph_Driver\src\stm32f10x_flash.c 0x00000000   Number         0  stm32f10x_flash.o ABSOLUTE
    ..\..\Libraries\STM32F10x_StdPeriph_Driver\src\stm32f10x_fsmc.c 0x00000000   Number         0  stm32f10x_fsmc.o ABSOLUTE
    ..\..\Libraries\STM32F10x_StdPeriph_Driver\src\stm32f10x_gpio.c 0x00000000   Number         0  stm32f10x_gpio.o ABSOLUTE
    ..\..\Libraries\STM32F10x_StdPeriph_Driver\src\stm32f10x_i2c.c 0x00000000   Number         0  stm32f10x_i2c.o ABSOLUTE
    ..\..\Libraries\STM32F10x_StdPeriph_Driver\src\stm32f10x_iwdg.c 0x00000000   Number         0  stm32f10x_iwdg.o ABSOLUTE
    ..\..\Libraries\STM32F10x_StdPeriph_Driver\src\stm32f10x_pwr.c 0x00000000   Number         0  stm32f10x_pwr.o ABSOLUTE
    ..\..\Libraries\STM32F10x_StdPeriph_Driver\src\stm32f10x_rcc.c 0x00000000   Number         0  stm32f10x_rcc.o ABSOLUTE
    ..\..\Libraries\STM32F10x_StdPeriph_Driver\src\stm32f10x_rtc.c 0x00000000   Number         0  stm32f10x_rtc.o ABSOLUTE
    ..\..\Libraries\STM32F10x_StdPeriph_Driver\src\stm32f10x_sdio.c 0x00000000   Number         0  stm32f10x_sdio.o ABSOLUTE
    ..\..\Libraries\STM32F10x_StdPeriph_Driver\src\stm32f10x_spi.c 0x00000000   Number         0  stm32f10x_spi.o ABSOLUTE
    ..\..\Libraries\STM32F10x_StdPeriph_Driver\src\stm32f10x_tim.c 0x00000000   Number         0  stm32f10x_tim.o ABSOLUTE
    ..\..\Libraries\STM32F10x_StdPeriph_Driver\src\stm32f10x_usart.c 0x00000000   Number         0  stm32f10x_usart.o ABSOLUTE
    ..\..\Libraries\STM32F10x_StdPeriph_Driver\src\stm32f10x_wwdg.c 0x00000000   Number         0  stm32f10x_wwdg.o ABSOLUTE
    ..\..\User\AT24CXX.c                     0x00000000   Number         0  at24cxx.o ABSOLUTE
    ..\..\User\Taskmain1.c                   0x00000000   Number         0  taskmain1.o ABSOLUTE
    ..\..\User\Taskmain2.c                   0x00000000   Number         0  taskmain2.o ABSOLUTE
    ..\..\User\bps.c                         0x00000000   Number         0  bps.o ABSOLUTE
    ..\..\User\lib.c                         0x00000000   Number         0  lib.o ABSOLUTE
    ..\..\User\main.c                        0x00000000   Number         0  main.o ABSOLUTE
    ..\..\User\stm32f10x_it.c                0x00000000   Number         0  stm32f10x_it.o ABSOLUTE
    ..\..\User\user.c                        0x00000000   Number         0  user.o ABSOLUTE
    ..\\..\\Libraries\\CMSIS\\CM3\\CoreSupport\\core_cm3.c 0x00000000   Number         0  core_cm3.o ABSOLUTE
    dc.s                                     0x00000000   Number         0  dc.o ABSOLUTE
    RESET                                    0x08000000   Section      236  startup_stm32f10x_md.o(RESET)
    !!!main                                  0x080000ec   Section        8  __main.o(!!!main)
    !!!scatter                               0x080000f4   Section       52  __scatter.o(!!!scatter)
    !!handler_copy                           0x08000128   Section       26  __scatter_copy.o(!!handler_copy)
    !!handler_zi                             0x08000144   Section       28  __scatter_zi.o(!!handler_zi)
    .ARM.Collect$$libinit$$00000000          0x08000160   Section        2  libinit.o(.ARM.Collect$$libinit$$00000000)
    .ARM.Collect$$libinit$$00000002          0x08000162   Section        0  libinit2.o(.ARM.Collect$$libinit$$00000002)
    .ARM.Collect$$libinit$$00000008          0x08000162   Section        0  libinit2.o(.ARM.Collect$$libinit$$00000008)
    .ARM.Collect$$libinit$$0000000A          0x08000162   Section        0  libinit2.o(.ARM.Collect$$libinit$$0000000A)
    .ARM.Collect$$libinit$$0000000C          0x08000162   Section        0  libinit2.o(.ARM.Collect$$libinit$$0000000C)
    .ARM.Collect$$libinit$$0000000F          0x08000162   Section        0  libinit2.o(.ARM.Collect$$libinit$$0000000F)
    .ARM.Collect$$libinit$$00000011          0x08000162   Section        0  libinit2.o(.ARM.Collect$$libinit$$00000011)
    .ARM.Collect$$libinit$$00000013          0x08000162   Section        0  libinit2.o(.ARM.Collect$$libinit$$00000013)
    .ARM.Collect$$libinit$$00000015          0x08000162   Section        0  libinit2.o(.ARM.Collect$$libinit$$00000015)
    .ARM.Collect$$libinit$$00000017          0x08000162   Section        0  libinit2.o(.ARM.Collect$$libinit$$00000017)
    .ARM.Collect$$libinit$$00000019          0x08000162   Section        0  libinit2.o(.ARM.Collect$$libinit$$00000019)
    .ARM.Collect$$libinit$$0000001B          0x08000162   Section        0  libinit2.o(.ARM.Collect$$libinit$$0000001B)
    .ARM.Collect$$libinit$$0000001D          0x08000162   Section        0  libinit2.o(.ARM.Collect$$libinit$$0000001D)
    .ARM.Collect$$libinit$$0000001F          0x08000162   Section        0  libinit2.o(.ARM.Collect$$libinit$$0000001F)
    .ARM.Collect$$libinit$$00000021          0x08000162   Section        0  libinit2.o(.ARM.Collect$$libinit$$00000021)
    .ARM.Collect$$libinit$$00000023          0x08000162   Section        0  libinit2.o(.ARM.Collect$$libinit$$00000023)
    .ARM.Collect$$libinit$$0000002A          0x08000162   Section        0  libinit2.o(.ARM.Collect$$libinit$$0000002A)
    .ARM.Collect$$libinit$$0000002C          0x08000162   Section        0  libinit2.o(.ARM.Collect$$libinit$$0000002C)
    .ARM.Collect$$libinit$$0000002E          0x08000162   Section        0  libinit2.o(.ARM.Collect$$libinit$$0000002E)
    .ARM.Collect$$libinit$$00000030          0x08000162   Section        0  libinit2.o(.ARM.Collect$$libinit$$00000030)
    .ARM.Collect$$libinit$$00000031          0x08000162   Section        2  libinit2.o(.ARM.Collect$$libinit$$00000031)
    .ARM.Collect$$libshutdown$$00000000      0x08000164   Section        2  libshutdown.o(.ARM.Collect$$libshutdown$$00000000)
    .ARM.Collect$$libshutdown$$00000003      0x08000166   Section        0  libshutdown2.o(.ARM.Collect$$libshutdown$$00000003)
    .ARM.Collect$$libshutdown$$00000006      0x08000166   Section        0  libshutdown2.o(.ARM.Collect$$libshutdown$$00000006)
    .ARM.Collect$$libshutdown$$00000009      0x08000166   Section        0  libshutdown2.o(.ARM.Collect$$libshutdown$$00000009)
    .ARM.Collect$$libshutdown$$0000000B      0x08000166   Section        0  libshutdown2.o(.ARM.Collect$$libshutdown$$0000000B)
    .ARM.Collect$$libshutdown$$0000000E      0x08000166   Section        0  libshutdown2.o(.ARM.Collect$$libshutdown$$0000000E)
    .ARM.Collect$$libshutdown$$0000000F      0x08000166   Section        2  libshutdown2.o(.ARM.Collect$$libshutdown$$0000000F)
    .ARM.Collect$$rtentry$$00000000          0x08000168   Section        0  rtentry.o(.ARM.Collect$$rtentry$$00000000)
    .ARM.Collect$$rtentry$$00000002          0x08000168   Section        0  rtentry2.o(.ARM.Collect$$rtentry$$00000002)
    .ARM.Collect$$rtentry$$00000004          0x08000168   Section        6  rtentry4.o(.ARM.Collect$$rtentry$$00000004)
    .ARM.Collect$$rtentry$$00000009          0x0800016e   Section        0  rtentry2.o(.ARM.Collect$$rtentry$$00000009)
    .ARM.Collect$$rtentry$$0000000A          0x0800016e   Section        4  rtentry2.o(.ARM.Collect$$rtentry$$0000000A)
    .ARM.Collect$$rtentry$$0000000C          0x08000172   Section        0  rtentry2.o(.ARM.Collect$$rtentry$$0000000C)
    .ARM.Collect$$rtentry$$0000000D          0x08000172   Section        8  rtentry2.o(.ARM.Collect$$rtentry$$0000000D)
    .ARM.Collect$$rtexit$$00000000           0x0800017a   Section        2  rtexit.o(.ARM.Collect$$rtexit$$00000000)
    .ARM.Collect$$rtexit$$00000002           0x0800017c   Section        0  rtexit2.o(.ARM.Collect$$rtexit$$00000002)
    .ARM.Collect$$rtexit$$00000003           0x0800017c   Section        4  rtexit2.o(.ARM.Collect$$rtexit$$00000003)
    .ARM.Collect$$rtexit$$00000004           0x08000180   Section        6  rtexit2.o(.ARM.Collect$$rtexit$$00000004)
    .text                                    0x08000188   Section        0  main.o(.text)
    .text                                    0x08001014   Section        0  user.o(.text)
    .text                                    0x080011b0   Section        0  bps.o(.text)
    .text                                    0x080014d8   Section        0  lib.o(.text)
    .text                                    0x080017ac   Section        0  taskmain1.o(.text)
    .text                                    0x08002950   Section        0  taskmain2.o(.text)
    .text                                    0x08003414   Section        0  at24cxx.o(.text)
    .text                                    0x08003990   Section        0  stm32f10x_it.o(.text)
    .text                                    0x080039a4   Section        0  misc.o(.text)
    .text                                    0x08003a54   Section        0  stm32f10x_adc.o(.text)
    .text                                    0x08003d84   Section        0  stm32f10x_dma.o(.text)
    .text                                    0x08003f4c   Section        0  stm32f10x_exti.o(.text)
    .text                                    0x08004034   Section        0  stm32f10x_gpio.o(.text)
    .text                                    0x08004294   Section        0  stm32f10x_iwdg.o(.text)
    .text                                    0x080042d0   Section        0  stm32f10x_rcc.o(.text)
    .text                                    0x08004598   Section        0  stm32f10x_tim.o(.text)
    TI2_Config                               0x0800492b   Thumb Code   166  stm32f10x_tim.o(.text)
    TI1_Config                               0x080049e1   Thumb Code    88  stm32f10x_tim.o(.text)
    .text                                    0x08005088   Section        0  system_stm32f10x.o(.text)
    SetSysClockTo48                          0x08005089   Thumb Code   172  system_stm32f10x.o(.text)
    .text                                    0x080051fc   Section       64  startup_stm32f10x_md.o(.text)
    .text                                    0x0800523c   Section        0  heapauxi.o(.text)
    .text                                    0x08005242   Section        0  _rserrno.o(.text)
    .text                                    0x08005258   Section        8  rt_errno_addr_intlibspace.o(.text)
    .text                                    0x08005260   Section        8  libspace.o(.text)
    .text                                    0x08005268   Section       74  sys_stackheap_outer.o(.text)
    .text                                    0x080052b2   Section        0  exit.o(.text)
    .text                                    0x080052c0   Section        0  sys_exit.o(.text)
    .text                                    0x080052cc   Section        2  use_no_semi.o(.text)
    .text                                    0x080052ce   Section        0  indicate_semi.o(.text)
    i.__ARM_fpclassify                       0x080052ce   Section        0  fpclassify.o(i.__ARM_fpclassify)
    i.__kernel_poly                          0x080052f6   Section        0  poly.o(i.__kernel_poly)
    i.__mathlib_dbl_underflow                0x080053a0   Section        0  dunder.o(i.__mathlib_dbl_underflow)
    i.pow                                    0x080053b0   Section        0  pow.o(i.pow)
    i.sqrt                                   0x08005d90   Section        0  sqrt.o(i.sqrt)
    x$fpl$d2f                                0x08005ddc   Section       98  d2f.o(x$fpl$d2f)
    x$fpl$dadd                               0x08005e40   Section      336  daddsub_clz.o(x$fpl$dadd)
    _dadd1                                   0x08005e51   Thumb Code     0  daddsub_clz.o(x$fpl$dadd)
    x$fpl$dcheck1                            0x08005f90   Section       16  dcheck1.o(x$fpl$dcheck1)
    x$fpl$dcmpinf                            0x08005fa0   Section       24  dcmpi.o(x$fpl$dcmpinf)
    x$fpl$ddiv                               0x08005fb8   Section      688  ddiv.o(x$fpl$ddiv)
    ddiv_entry                               0x08005fbf   Thumb Code     0  ddiv.o(x$fpl$ddiv)
    x$fpl$dfix                               0x08006268   Section       94  dfix.o(x$fpl$dfix)
    x$fpl$dfixu                              0x080062c8   Section       90  dfixu.o(x$fpl$dfixu)
    x$fpl$dflt                               0x08006322   Section       46  dflt_clz.o(x$fpl$dflt)
    x$fpl$dfltu                              0x08006350   Section       38  dflt_clz.o(x$fpl$dfltu)
    x$fpl$dleqf                              0x08006378   Section      120  dleqf.o(x$fpl$dleqf)
    x$fpl$dmul                               0x080063f0   Section      340  dmul.o(x$fpl$dmul)
    x$fpl$dnaninf                            0x08006544   Section      156  dnaninf.o(x$fpl$dnaninf)
    x$fpl$dretinf                            0x080065e0   Section       12  dretinf.o(x$fpl$dretinf)
    x$fpl$drleqf                             0x080065ec   Section      108  drleqf.o(x$fpl$drleqf)
    x$fpl$drsb                               0x08006658   Section       22  daddsub_clz.o(x$fpl$drsb)
    x$fpl$dsqrt                              0x08006670   Section      460  dsqrt_noumaal.o(x$fpl$dsqrt)
    x$fpl$dsub                               0x0800683c   Section      468  daddsub_clz.o(x$fpl$dsub)
    _dsub1                                   0x0800684d   Thumb Code     0  daddsub_clz.o(x$fpl$dsub)
    x$fpl$f2d                                0x08006a10   Section       86  f2d.o(x$fpl$f2d)
    x$fpl$fadd                               0x08006a68   Section      196  faddsub_clz.o(x$fpl$fadd)
    _fadd1                                   0x08006a77   Thumb Code     0  faddsub_clz.o(x$fpl$fadd)
    x$fpl$fcheck1                            0x08006b2c   Section       12  fcheck1.o(x$fpl$fcheck1)
    x$fpl$fdiv                               0x08006b38   Section      388  fdiv.o(x$fpl$fdiv)
    _fdiv1                                   0x08006b39   Thumb Code     0  fdiv.o(x$fpl$fdiv)
    x$fpl$ffix                               0x08006cbc   Section       54  ffix.o(x$fpl$ffix)
    x$fpl$ffixu                              0x08006cf4   Section       62  ffixu.o(x$fpl$ffixu)
    x$fpl$fflt                               0x08006d34   Section       48  fflt_clz.o(x$fpl$fflt)
    x$fpl$fmul                               0x08006d64   Section      258  fmul.o(x$fpl$fmul)
    x$fpl$fnaninf                            0x08006e66   Section      140  fnaninf.o(x$fpl$fnaninf)
    x$fpl$fretinf                            0x08006ef2   Section       10  fretinf.o(x$fpl$fretinf)
    x$fpl$fsub                               0x08006efc   Section      234  faddsub_clz.o(x$fpl$fsub)
    _fsub1                                   0x08006f0b   Thumb Code     0  faddsub_clz.o(x$fpl$fsub)
    x$fpl$retnan                             0x08006fe6   Section      100  retnan.o(x$fpl$retnan)
    x$fpl$scalbn                             0x0800704a   Section       92  scalbn.o(x$fpl$scalbn)
    x$fpl$scalbnf                            0x080070a6   Section       76  scalbnf.o(x$fpl$scalbnf)
    x$fpl$trapveneer                         0x080070f2   Section       48  trapv.o(x$fpl$trapveneer)
    .constdata                               0x08007122   Section      256  main.o(.constdata)
    x$fpl$usenofp                            0x08007122   Section        0  usenofp.o(x$fpl$usenofp)
    .constdata                               0x08007224   Section     4412  user.o(.constdata)
    .constdata                               0x08008360   Section      136  pow.o(.constdata)
    bp                                       0x08008360   Data          16  pow.o(.constdata)
    dp_h                                     0x08008370   Data          16  pow.o(.constdata)
    dp_l                                     0x08008380   Data          16  pow.o(.constdata)
    L                                        0x08008390   Data          48  pow.o(.constdata)
    P                                        0x080083c0   Data          40  pow.o(.constdata)
    .constdata                               0x080083e8   Section        8  qnan.o(.constdata)
    .data                                    0x20000000   Section       32  main.o(.data)
    T3Cycle                                  0x20000001   Data           1  main.o(.data)
    .data                                    0x20000020   Section        2  main.o(.data)
    .data                                    0x20000022   Section        1  main.o(.data)
    .data                                    0x20000023   Section        1  main.o(.data)
    .data                                    0x20000024   Section        1  main.o(.data)
    .data                                    0x20000025   Section        1  main.o(.data)
    .data                                    0x20000028   Section        8  user.o(.data)
    findStateNTC                             0x20000028   Data           4  user.o(.data)
    findStateHT                              0x2000002c   Data           4  user.o(.data)
    .data                                    0x20000030   Section        4  lib.o(.data)
    UdBak0                                   0x20000030   Data           4  lib.o(.data)
    .data                                    0x20000034   Section       72  taskmain1.o(.data)
    i                                        0x20000034   Data           1  taskmain1.o(.data)
    HT_OP_Flag                               0x20000035   Data           1  taskmain1.o(.data)
    F1_OP_Flag                               0x20000036   Data           1  taskmain1.o(.data)
    F2_OP_Flag                               0x20000037   Data           1  taskmain1.o(.data)
    HTST_count                               0x20000038   Data           1  taskmain1.o(.data)
    TRST_count                               0x20000039   Data           1  taskmain1.o(.data)
    svBak                                    0x2000003a   Data           2  taskmain1.o(.data)
    pvBak                                    0x2000003c   Data           2  taskmain1.o(.data)
    check_TCST_counter                       0x2000003e   Data           2  taskmain1.o(.data)
    check_TCRE_counter                       0x20000040   Data           2  taskmain1.o(.data)
    outBak                                   0x20000042   Data           2  taskmain1.o(.data)
    check_TCST_TemBak                        0x20000044   Data           2  taskmain1.o(.data)
    StandbyCount                             0x20000046   Data           2  taskmain1.o(.data)
    lastRate                                 0x20000048   Data           2  taskmain1.o(.data)
    lastP                                    0x2000004a   Data           2  taskmain1.o(.data)
    mux                                      0x2000004c   Data           4  taskmain1.o(.data)
    min                                      0x20000050   Data           4  taskmain1.o(.data)
    mux2                                     0x20000054   Data           4  taskmain1.o(.data)
    min2                                     0x20000058   Data           4  taskmain1.o(.data)
    last                                     0x2000005c   Data           4  taskmain1.o(.data)
    PvOut                                    0x20000060   Data           4  taskmain1.o(.data)
    MVresult1                                0x20000064   Data           4  taskmain1.o(.data)
    dataBuff                                 0x20000068   Data           4  taskmain1.o(.data)
    out                                      0x2000006c   Data           4  taskmain1.o(.data)
    lastout                                  0x20000070   Data           4  taskmain1.o(.data)
    ek                                       0x20000074   Data           4  taskmain1.o(.data)
    lastek                                   0x20000078   Data           4  taskmain1.o(.data)
    .data                                    0x2000007c   Section        5  taskmain2.o(.data)
    .data                                    0x20000082   Section        4  at24cxx.o(.data)
    i                                        0x20000082   Data           2  at24cxx.o(.data)
    bak                                      0x20000084   Data           2  at24cxx.o(.data)
    .data                                    0x20000086   Section       20  stm32f10x_rcc.o(.data)
    ADCPrescTable                            0x20000086   Data           4  stm32f10x_rcc.o(.data)
    APBAHBPrescTable                         0x2000008a   Data          16  stm32f10x_rcc.o(.data)
    .data                                    0x2000009c   Section       20  system_stm32f10x.o(.data)
    .bss                                     0x200000b0   Section      304  main.o(.bss)
    .bss                                     0x200001e0   Section       60  main.o(.bss)
    .bss                                     0x2000021c   Section       60  main.o(.bss)
    .bss                                     0x20000258   Section       40  main.o(.bss)
    .bss                                     0x20000280   Section       52  taskmain1.o(.bss)
    e                                        0x200002a8   Data          12  taskmain1.o(.bss)
    .bss                                     0x200002b4   Section       96  libspace.o(.bss)
    HEAP                                     0x20000318   Section      512  startup_stm32f10x_md.o(HEAP)
    Heap_Mem                                 0x20000318   Data         512  startup_stm32f10x_md.o(HEAP)
    STACK                                    0x20000518   Section     1024  startup_stm32f10x_md.o(STACK)
    Stack_Mem                                0x20000518   Data        1024  startup_stm32f10x_md.o(STACK)
    __initial_sp                             0x20000918   Data           0  startup_stm32f10x_md.o(STACK)

    Global Symbols

    Symbol Name                              Value     Ov Type        Size  Object(Section)

    BuildAttributes$$THM_ISAv4$P$D$K$B$S$PE$A:L22UL41UL21$X:L11$S22US41US21$IEEE1$IW$USESV6$~STKCKD$USESV7$~SHL$OTIME$ROPI$IEEEX$EBA8$UX$STANDARDLIB$REQ8$PRES8$EABIv2 0x00000000   Number         0  anon$$obj.o ABSOLUTE
    __ARM_use_no_argv                        0x00000000   Number         0  main.o ABSOLUTE
    __ARM_exceptions_init                     - Undefined Weak Reference
    __alloca_initialize                       - Undefined Weak Reference
    __cpp_initialize__aeabi_                  - Undefined Weak Reference
    __cxa_finalize                            - Undefined Weak Reference
    __rt_locale                               - Undefined Weak Reference
    __sigvec_lookup                           - Undefined Weak Reference
    _atexit_init                              - Undefined Weak Reference
    _call_atexit_fns                          - Undefined Weak Reference
    _clock_init                               - Undefined Weak Reference
    _fp_trap_init                             - Undefined Weak Reference
    _fp_trap_shutdown                         - Undefined Weak Reference
    _get_lc_collate                           - Undefined Weak Reference
    _get_lc_ctype                             - Undefined Weak Reference
    _get_lc_monetary                          - Undefined Weak Reference
    _get_lc_numeric                           - Undefined Weak Reference
    _get_lc_time                              - Undefined Weak Reference
    _getenv_init                              - Undefined Weak Reference
    _handle_redirection                       - Undefined Weak Reference
    _init_alloc                               - Undefined Weak Reference
    _init_user_alloc                          - Undefined Weak Reference
    _initio                                   - Undefined Weak Reference
    _rand_init                                - Undefined Weak Reference
    _signal_finish                            - Undefined Weak Reference
    _signal_init                              - Undefined Weak Reference
    _terminate_alloc                          - Undefined Weak Reference
    _terminate_user_alloc                     - Undefined Weak Reference
    _terminateio                              - Undefined Weak Reference
    __Vectors_Size                           0x000000ec   Number         0  startup_stm32f10x_md.o ABSOLUTE
    __Vectors                                0x08000000   Data           4  startup_stm32f10x_md.o(RESET)
    __Vectors_End                            0x080000ec   Data           0  startup_stm32f10x_md.o(RESET)
    __main                                   0x080000ed   Thumb Code     8  __main.o(!!!main)
    __scatterload                            0x080000f5   Thumb Code     0  __scatter.o(!!!scatter)
    __scatterload_rt2                        0x080000f5   Thumb Code    44  __scatter.o(!!!scatter)
    __scatterload_rt2_thumb_only             0x080000f5   Thumb Code     0  __scatter.o(!!!scatter)
    __scatterload_null                       0x08000103   Thumb Code     0  __scatter.o(!!!scatter)
    __scatterload_copy                       0x08000129   Thumb Code    26  __scatter_copy.o(!!handler_copy)
    __scatterload_zeroinit                   0x08000145   Thumb Code    28  __scatter_zi.o(!!handler_zi)
    __rt_lib_init                            0x08000161   Thumb Code     0  libinit.o(.ARM.Collect$$libinit$$00000000)
    __rt_lib_init_alloca_1                   0x08000163   Thumb Code     0  libinit2.o(.ARM.Collect$$libinit$$0000002C)
    __rt_lib_init_argv_1                     0x08000163   Thumb Code     0  libinit2.o(.ARM.Collect$$libinit$$0000002A)
    __rt_lib_init_atexit_1                   0x08000163   Thumb Code     0  libinit2.o(.ARM.Collect$$libinit$$00000019)
    __rt_lib_init_clock_1                    0x08000163   Thumb Code     0  libinit2.o(.ARM.Collect$$libinit$$0000001F)
    __rt_lib_init_cpp_1                      0x08000163   Thumb Code     0  libinit2.o(.ARM.Collect$$libinit$$00000030)
    __rt_lib_init_exceptions_1               0x08000163   Thumb Code     0  libinit2.o(.ARM.Collect$$libinit$$0000002E)
    __rt_lib_init_fp_1                       0x08000163   Thumb Code     0  libinit2.o(.ARM.Collect$$libinit$$00000002)
    __rt_lib_init_fp_trap_1                  0x08000163   Thumb Code     0  libinit2.o(.ARM.Collect$$libinit$$0000001D)
    __rt_lib_init_getenv_1                   0x08000163   Thumb Code     0  libinit2.o(.ARM.Collect$$libinit$$00000021)
    __rt_lib_init_heap_1                     0x08000163   Thumb Code     0  libinit2.o(.ARM.Collect$$libinit$$00000008)
    __rt_lib_init_lc_collate_1               0x08000163   Thumb Code     0  libinit2.o(.ARM.Collect$$libinit$$0000000F)
    __rt_lib_init_lc_ctype_1                 0x08000163   Thumb Code     0  libinit2.o(.ARM.Collect$$libinit$$00000011)
    __rt_lib_init_lc_monetary_1              0x08000163   Thumb Code     0  libinit2.o(.ARM.Collect$$libinit$$00000013)
    __rt_lib_init_lc_numeric_1               0x08000163   Thumb Code     0  libinit2.o(.ARM.Collect$$libinit$$00000015)
    __rt_lib_init_lc_time_1                  0x08000163   Thumb Code     0  libinit2.o(.ARM.Collect$$libinit$$00000017)
    __rt_lib_init_rand_1                     0x08000163   Thumb Code     0  libinit2.o(.ARM.Collect$$libinit$$0000000C)
    __rt_lib_init_return                     0x08000163   Thumb Code     0  libinit2.o(.ARM.Collect$$libinit$$00000031)
    __rt_lib_init_signal_1                   0x08000163   Thumb Code     0  libinit2.o(.ARM.Collect$$libinit$$0000001B)
    __rt_lib_init_stdio_1                    0x08000163   Thumb Code     0  libinit2.o(.ARM.Collect$$libinit$$00000023)
    __rt_lib_init_user_alloc_1               0x08000163   Thumb Code     0  libinit2.o(.ARM.Collect$$libinit$$0000000A)
    __rt_lib_shutdown                        0x08000165   Thumb Code     0  libshutdown.o(.ARM.Collect$$libshutdown$$00000000)
    __rt_lib_shutdown_fp_trap_1              0x08000167   Thumb Code     0  libshutdown2.o(.ARM.Collect$$libshutdown$$00000006)
    __rt_lib_shutdown_heap_1                 0x08000167   Thumb Code     0  libshutdown2.o(.ARM.Collect$$libshutdown$$0000000E)
    __rt_lib_shutdown_return                 0x08000167   Thumb Code     0  libshutdown2.o(.ARM.Collect$$libshutdown$$0000000F)
    __rt_lib_shutdown_signal_1               0x08000167   Thumb Code     0  libshutdown2.o(.ARM.Collect$$libshutdown$$00000009)
    __rt_lib_shutdown_stdio_1                0x08000167   Thumb Code     0  libshutdown2.o(.ARM.Collect$$libshutdown$$00000003)
    __rt_lib_shutdown_user_alloc_1           0x08000167   Thumb Code     0  libshutdown2.o(.ARM.Collect$$libshutdown$$0000000B)
    __rt_entry                               0x08000169   Thumb Code     0  rtentry.o(.ARM.Collect$$rtentry$$00000000)
    __rt_entry_presh_1                       0x08000169   Thumb Code     0  rtentry2.o(.ARM.Collect$$rtentry$$00000002)
    __rt_entry_sh                            0x08000169   Thumb Code     0  rtentry4.o(.ARM.Collect$$rtentry$$00000004)
    __rt_entry_li                            0x0800016f   Thumb Code     0  rtentry2.o(.ARM.Collect$$rtentry$$0000000A)
    __rt_entry_postsh_1                      0x0800016f   Thumb Code     0  rtentry2.o(.ARM.Collect$$rtentry$$00000009)
    __rt_entry_main                          0x08000173   Thumb Code     0  rtentry2.o(.ARM.Collect$$rtentry$$0000000D)
    __rt_entry_postli_1                      0x08000173   Thumb Code     0  rtentry2.o(.ARM.Collect$$rtentry$$0000000C)
    __rt_exit                                0x0800017b   Thumb Code     0  rtexit.o(.ARM.Collect$$rtexit$$00000000)
    __rt_exit_ls                             0x0800017d   Thumb Code     0  rtexit2.o(.ARM.Collect$$rtexit$$00000003)
    __rt_exit_prels_1                        0x0800017d   Thumb Code     0  rtexit2.o(.ARM.Collect$$rtexit$$00000002)
    __rt_exit_exit                           0x08000181   Thumb Code     0  rtexit2.o(.ARM.Collect$$rtexit$$00000004)
    ConverToChar                             0x08000189   Thumb Code   340  main.o(.text)
    ConverToCharPV                           0x080002dd   Thumb Code   214  main.o(.text)
    DisErrorSave                             0x080003b3   Thumb Code    90  main.o(.text)
    DataFile                                 0x0800040d   Thumb Code  1604  main.o(.text)
    DataInit                                 0x08000a51   Thumb Code   106  main.o(.text)
    LoadData                                 0x08000abb   Thumb Code   144  main.o(.text)
    SysTickProc                              0x08000b4b   Thumb Code   368  main.o(.text)
    DisError                                 0x08000cbb   Thumb Code   222  main.o(.text)
    Buzzer                                   0x08000d99   Thumb Code    20  main.o(.text)
    Delay                                    0x08000dad   Thumb Code    24  main.o(.text)
    IWDG_Config                              0x08000dc5   Thumb Code    38  main.o(.text)
    main                                     0x08000deb   Thumb Code   550  main.o(.text)
    ConverTime                               0x08001015   Thumb Code    70  user.o(.text)
    Get1                                     0x0800105b   Thumb Code   132  user.o(.text)
    Get1ToGet2                               0x080010df   Thumb Code    54  user.o(.text)
    Get2                                     0x08001115   Thumb Code   138  user.o(.text)
    GPIO_Configuration                       0x080011b1   Thumb Code   228  bps.o(.text)
    Timer2_Config                            0x08001295   Thumb Code   106  bps.o(.text)
    EXTI_Configuration                       0x080012ff   Thumb Code    88  bps.o(.text)
    ADC_Configuration                        0x08001357   Thumb Code   140  bps.o(.text)
    DMA_Configuration                        0x080013e3   Thumb Code   118  bps.o(.text)
    BSP_Init                                 0x08001459   Thumb Code    90  bps.o(.text)
    DataConverter                            0x080014d9   Thumb Code   532  lib.o(.text)
    ModData1                                 0x080016ed   Thumb Code    52  lib.o(.text)
    ModData2                                 0x08001721   Thumb Code    62  lib.o(.text)
    GetTemSV                                 0x080017ad   Thumb Code    18  taskmain1.o(.text)
    CheckTemUpDown                           0x080017bf   Thumb Code    74  taskmain1.o(.text)
    ResetManualTurn                          0x08001809   Thumb Code    52  taskmain1.o(.text)
    EXTI9_5_IRQHandler                       0x0800183d   Thumb Code   270  taskmain1.o(.text)
    TIM2_IRQHandler                          0x0800194b   Thumb Code    26  taskmain1.o(.text)
    DMA1_Channel1_IRQHandler                 0x08001965   Thumb Code   102  taskmain1.o(.text)
    GetEnvTem                                0x080019cb   Thumb Code   238  taskmain1.o(.text)
    GetTem                                   0x08001ab9   Thumb Code   814  taskmain1.o(.text)
    StartDisplay                             0x08001de7   Thumb Code   278  taskmain1.o(.text)
    GetCurrent                               0x08001efd   Thumb Code    78  taskmain1.o(.text)
    Task1                                    0x08001f4b   Thumb Code  2564  taskmain1.o(.text)
    ShiftKeyUnlashResponse                   0x08002951   Thumb Code   166  taskmain2.o(.text)
    ModeKeyUnlashResponse                    0x080029f7   Thumb Code   122  taskmain2.o(.text)
    ShiftKeyResponse                         0x08002a71   Thumb Code    74  taskmain2.o(.text)
    ModeKeyResponse                          0x08002abb   Thumb Code    26  taskmain2.o(.text)
    UpDownUnsignedValue                      0x08002ad5   Thumb Code   110  taskmain2.o(.text)
    UpDownTimeValue                          0x08002b43   Thumb Code   104  taskmain2.o(.text)
    DownKeyResponse                          0x08002bab   Thumb Code   744  taskmain2.o(.text)
    UpKeyResponse                            0x08002e93   Thumb Code   966  taskmain2.o(.text)
    ModeShiftKeyResponse                     0x08003259   Thumb Code    76  taskmain2.o(.text)
    Task2                                    0x080032a5   Thumb Code   344  taskmain2.o(.text)
    delay                                    0x08003415   Thumb Code    24  at24cxx.o(.text)
    I2C_delay                                0x0800342d   Thumb Code    12  at24cxx.o(.text)
    Start                                    0x08003439   Thumb Code    64  at24cxx.o(.text)
    Stop                                     0x08003479   Thumb Code    46  at24cxx.o(.text)
    RecAck                                   0x080034a7   Thumb Code    70  at24cxx.o(.text)
    Ack                                      0x080034ed   Thumb Code    38  at24cxx.o(.text)
    NoAck                                    0x08003513   Thumb Code    38  at24cxx.o(.text)
    Send                                     0x08003539   Thumb Code    60  at24cxx.o(.text)
    Receive                                  0x08003575   Thumb Code    62  at24cxx.o(.text)
    CommIIC                                  0x080035b3   Thumb Code   526  at24cxx.o(.text)
    Task3                                    0x080037c1   Thumb Code   450  at24cxx.o(.text)
    NMI_Handler                              0x08003991   Thumb Code     2  stm32f10x_it.o(.text)
    HardFault_Handler                        0x08003993   Thumb Code     2  stm32f10x_it.o(.text)
    MemManage_Handler                        0x08003995   Thumb Code     2  stm32f10x_it.o(.text)
    BusFault_Handler                         0x08003997   Thumb Code     2  stm32f10x_it.o(.text)
    UsageFault_Handler                       0x08003999   Thumb Code     2  stm32f10x_it.o(.text)
    SVC_Handler                              0x0800399b   Thumb Code     2  stm32f10x_it.o(.text)
    DebugMon_Handler                         0x0800399d   Thumb Code     2  stm32f10x_it.o(.text)
    PendSV_Handler                           0x0800399f   Thumb Code     2  stm32f10x_it.o(.text)
    SysTick_Handler                          0x080039a1   Thumb Code     4  stm32f10x_it.o(.text)
    NVIC_PriorityGroupConfig                 0x080039a5   Thumb Code    10  misc.o(.text)
    NVIC_Init                                0x080039af   Thumb Code    90  misc.o(.text)
    NVIC_SetVectorTable                      0x08003a09   Thumb Code    14  misc.o(.text)
    NVIC_SystemLPConfig                      0x08003a17   Thumb Code    20  misc.o(.text)
    SysTick_CLKSourceConfig                  0x08003a2b   Thumb Code    24  misc.o(.text)
    ADC_DeInit                               0x08003a55   Thumb Code    56  stm32f10x_adc.o(.text)
    ADC_Init                                 0x08003a8d   Thumb Code    62  stm32f10x_adc.o(.text)
    ADC_StructInit                           0x08003acb   Thumb Code    18  stm32f10x_adc.o(.text)
    ADC_Cmd                                  0x08003add   Thumb Code    20  stm32f10x_adc.o(.text)
    ADC_DMACmd                               0x08003af1   Thumb Code    20  stm32f10x_adc.o(.text)
    ADC_ITConfig                             0x08003b05   Thumb Code    18  stm32f10x_adc.o(.text)
    ADC_ResetCalibration                     0x08003b17   Thumb Code    10  stm32f10x_adc.o(.text)
    ADC_GetResetCalibrationStatus            0x08003b21   Thumb Code    14  stm32f10x_adc.o(.text)
    ADC_StartCalibration                     0x08003b2f   Thumb Code    10  stm32f10x_adc.o(.text)
    ADC_GetCalibrationStatus                 0x08003b39   Thumb Code    14  stm32f10x_adc.o(.text)
    ADC_SoftwareStartConvCmd                 0x08003b47   Thumb Code    20  stm32f10x_adc.o(.text)
    ADC_GetSoftwareStartConvStatus           0x08003b5b   Thumb Code    14  stm32f10x_adc.o(.text)
    ADC_DiscModeChannelCountConfig           0x08003b69   Thumb Code    16  stm32f10x_adc.o(.text)
    ADC_DiscModeCmd                          0x08003b79   Thumb Code    20  stm32f10x_adc.o(.text)
    ADC_RegularChannelConfig                 0x08003b8d   Thumb Code   116  stm32f10x_adc.o(.text)
    ADC_ExternalTrigConvCmd                  0x08003c01   Thumb Code    20  stm32f10x_adc.o(.text)
    ADC_GetConversionValue                   0x08003c15   Thumb Code     6  stm32f10x_adc.o(.text)
    ADC_GetDualModeConversionValue           0x08003c1b   Thumb Code     8  stm32f10x_adc.o(.text)
    ADC_AutoInjectedConvCmd                  0x08003c23   Thumb Code    20  stm32f10x_adc.o(.text)
    ADC_InjectedDiscModeCmd                  0x08003c37   Thumb Code    20  stm32f10x_adc.o(.text)
    ADC_ExternalTrigInjectedConvConfig       0x08003c4b   Thumb Code    12  stm32f10x_adc.o(.text)
    ADC_ExternalTrigInjectedConvCmd          0x08003c57   Thumb Code    20  stm32f10x_adc.o(.text)
    ADC_SoftwareStartInjectedConvCmd         0x08003c6b   Thumb Code    20  stm32f10x_adc.o(.text)
    ADC_GetSoftwareStartInjectedConvCmdStatus 0x08003c7f   Thumb Code    14  stm32f10x_adc.o(.text)
    ADC_InjectedChannelConfig                0x08003c8d   Thumb Code    74  stm32f10x_adc.o(.text)
    ADC_InjectedSequencerLengthConfig        0x08003cd7   Thumb Code    16  stm32f10x_adc.o(.text)
    ADC_SetInjectedOffset                    0x08003ce7   Thumb Code    10  stm32f10x_adc.o(.text)
    ADC_GetInjectedConversionValue           0x08003cf1   Thumb Code    14  stm32f10x_adc.o(.text)
    ADC_AnalogWatchdogCmd                    0x08003cff   Thumb Code    12  stm32f10x_adc.o(.text)
    ADC_AnalogWatchdogThresholdsConfig       0x08003d0b   Thumb Code     6  stm32f10x_adc.o(.text)
    ADC_AnalogWatchdogSingleChannelConfig    0x08003d11   Thumb Code    12  stm32f10x_adc.o(.text)
    ADC_TempSensorVrefintCmd                 0x08003d1d   Thumb Code    24  stm32f10x_adc.o(.text)
    ADC_GetFlagStatus                        0x08003d35   Thumb Code    14  stm32f10x_adc.o(.text)
    ADC_ClearFlag                            0x08003d43   Thumb Code     6  stm32f10x_adc.o(.text)
    ADC_GetITStatus                          0x08003d49   Thumb Code    28  stm32f10x_adc.o(.text)
    ADC_ClearITPendingBit                    0x08003d65   Thumb Code     8  stm32f10x_adc.o(.text)
    DMA_DeInit                               0x08003d85   Thumb Code   218  stm32f10x_dma.o(.text)
    DMA_Init                                 0x08003e5f   Thumb Code    58  stm32f10x_dma.o(.text)
    DMA_StructInit                           0x08003e99   Thumb Code    26  stm32f10x_dma.o(.text)
    DMA_Cmd                                  0x08003eb3   Thumb Code    22  stm32f10x_dma.o(.text)
    DMA_ITConfig                             0x08003ec9   Thumb Code    16  stm32f10x_dma.o(.text)
    DMA_SetCurrDataCounter                   0x08003ed9   Thumb Code     4  stm32f10x_dma.o(.text)
    DMA_GetCurrDataCounter                   0x08003edd   Thumb Code     6  stm32f10x_dma.o(.text)
    DMA_GetFlagStatus                        0x08003ee3   Thumb Code    28  stm32f10x_dma.o(.text)
    DMA_ClearFlag                            0x08003eff   Thumb Code    20  stm32f10x_dma.o(.text)
    DMA_GetITStatus                          0x08003f13   Thumb Code    28  stm32f10x_dma.o(.text)
    DMA_ClearITPendingBit                    0x08003f2f   Thumb Code    20  stm32f10x_dma.o(.text)
    EXTI_DeInit                              0x08003f4d   Thumb Code    28  stm32f10x_exti.o(.text)
    EXTI_Init                                0x08003f69   Thumb Code   108  stm32f10x_exti.o(.text)
    EXTI_StructInit                          0x08003fd5   Thumb Code    14  stm32f10x_exti.o(.text)
    EXTI_GenerateSWInterrupt                 0x08003fe3   Thumb Code    12  stm32f10x_exti.o(.text)
    EXTI_GetFlagStatus                       0x08003fef   Thumb Code    18  stm32f10x_exti.o(.text)
    EXTI_ClearFlag                           0x08004001   Thumb Code     8  stm32f10x_exti.o(.text)
    EXTI_GetITStatus                         0x08004009   Thumb Code    28  stm32f10x_exti.o(.text)
    EXTI_ClearITPendingBit                   0x08004025   Thumb Code     8  stm32f10x_exti.o(.text)
    GPIO_DeInit                              0x08004035   Thumb Code   152  stm32f10x_gpio.o(.text)
    GPIO_AFIODeInit                          0x080040cd   Thumb Code    22  stm32f10x_gpio.o(.text)
    GPIO_Init                                0x080040e3   Thumb Code   152  stm32f10x_gpio.o(.text)
    GPIO_StructInit                          0x0800417b   Thumb Code    16  stm32f10x_gpio.o(.text)
    GPIO_ReadInputDataBit                    0x0800418b   Thumb Code    14  stm32f10x_gpio.o(.text)
    GPIO_ReadInputData                       0x08004199   Thumb Code     6  stm32f10x_gpio.o(.text)
    GPIO_ReadOutputDataBit                   0x0800419f   Thumb Code    14  stm32f10x_gpio.o(.text)
    GPIO_ReadOutputData                      0x080041ad   Thumb Code     6  stm32f10x_gpio.o(.text)
    GPIO_SetBits                             0x080041b3   Thumb Code     4  stm32f10x_gpio.o(.text)
    GPIO_ResetBits                           0x080041b7   Thumb Code     4  stm32f10x_gpio.o(.text)
    GPIO_WriteBit                            0x080041bb   Thumb Code    10  stm32f10x_gpio.o(.text)
    GPIO_Write                               0x080041c5   Thumb Code     4  stm32f10x_gpio.o(.text)
    GPIO_PinLockConfig                       0x080041c9   Thumb Code    16  stm32f10x_gpio.o(.text)
    GPIO_EventOutputConfig                   0x080041d9   Thumb Code    22  stm32f10x_gpio.o(.text)
    GPIO_EventOutputCmd                      0x080041ef   Thumb Code     6  stm32f10x_gpio.o(.text)
    GPIO_PinRemapConfig                      0x080041f5   Thumb Code    82  stm32f10x_gpio.o(.text)
    GPIO_EXTILineConfig                      0x08004247   Thumb Code    34  stm32f10x_gpio.o(.text)
    GPIO_ETH_MediaInterfaceConfig            0x08004269   Thumb Code     8  stm32f10x_gpio.o(.text)
    IWDG_WriteAccessCmd                      0x08004295   Thumb Code     6  stm32f10x_iwdg.o(.text)
    IWDG_SetPrescaler                        0x0800429b   Thumb Code     6  stm32f10x_iwdg.o(.text)
    IWDG_SetReload                           0x080042a1   Thumb Code     6  stm32f10x_iwdg.o(.text)
    IWDG_ReloadCounter                       0x080042a7   Thumb Code    10  stm32f10x_iwdg.o(.text)
    IWDG_Enable                              0x080042b1   Thumb Code    10  stm32f10x_iwdg.o(.text)
    IWDG_GetFlagStatus                       0x080042bb   Thumb Code    16  stm32f10x_iwdg.o(.text)
    RCC_DeInit                               0x080042d1   Thumb Code    50  stm32f10x_rcc.o(.text)
    RCC_HSEConfig                            0x08004303   Thumb Code    48  stm32f10x_rcc.o(.text)
    RCC_GetFlagStatus                        0x08004333   Thumb Code    42  stm32f10x_rcc.o(.text)
    RCC_WaitForHSEStartUp                    0x0800435d   Thumb Code    44  stm32f10x_rcc.o(.text)
    RCC_AdjustHSICalibrationValue            0x08004389   Thumb Code    16  stm32f10x_rcc.o(.text)
    RCC_HSICmd                               0x08004399   Thumb Code     6  stm32f10x_rcc.o(.text)
    RCC_PLLConfig                            0x0800439f   Thumb Code    16  stm32f10x_rcc.o(.text)
    RCC_PLLCmd                               0x080043af   Thumb Code     6  stm32f10x_rcc.o(.text)
    RCC_SYSCLKConfig                         0x080043b5   Thumb Code    14  stm32f10x_rcc.o(.text)
    RCC_GetSYSCLKSource                      0x080043c3   Thumb Code    10  stm32f10x_rcc.o(.text)
    RCC_HCLKConfig                           0x080043cd   Thumb Code    14  stm32f10x_rcc.o(.text)
    RCC_PCLK1Config                          0x080043db   Thumb Code    14  stm32f10x_rcc.o(.text)
    RCC_PCLK2Config                          0x080043e9   Thumb Code    16  stm32f10x_rcc.o(.text)
    RCC_ITConfig                             0x080043f9   Thumb Code    18  stm32f10x_rcc.o(.text)
    RCC_USBCLKConfig                         0x0800440b   Thumb Code     8  stm32f10x_rcc.o(.text)
    RCC_ADCCLKConfig                         0x08004413   Thumb Code    14  stm32f10x_rcc.o(.text)
    RCC_LSEConfig                            0x08004421   Thumb Code    28  stm32f10x_rcc.o(.text)
    RCC_LSICmd                               0x0800443d   Thumb Code     6  stm32f10x_rcc.o(.text)
    RCC_RTCCLKConfig                         0x08004443   Thumb Code    10  stm32f10x_rcc.o(.text)
    RCC_RTCCLKCmd                            0x0800444d   Thumb Code     8  stm32f10x_rcc.o(.text)
    RCC_GetClocksFreq                        0x08004455   Thumb Code   140  stm32f10x_rcc.o(.text)
    RCC_AHBPeriphClockCmd                    0x080044e1   Thumb Code    18  stm32f10x_rcc.o(.text)
    RCC_APB2PeriphClockCmd                   0x080044f3   Thumb Code    18  stm32f10x_rcc.o(.text)
    RCC_APB1PeriphClockCmd                   0x08004505   Thumb Code    18  stm32f10x_rcc.o(.text)
    RCC_APB2PeriphResetCmd                   0x08004517   Thumb Code    18  stm32f10x_rcc.o(.text)
    RCC_APB1PeriphResetCmd                   0x08004529   Thumb Code    18  stm32f10x_rcc.o(.text)
    RCC_BackupResetCmd                       0x0800453b   Thumb Code     8  stm32f10x_rcc.o(.text)
    RCC_ClockSecuritySystemCmd               0x08004543   Thumb Code     6  stm32f10x_rcc.o(.text)
    RCC_MCOConfig                            0x08004549   Thumb Code     6  stm32f10x_rcc.o(.text)
    RCC_ClearFlag                            0x0800454f   Thumb Code    12  stm32f10x_rcc.o(.text)
    RCC_GetITStatus                          0x0800455b   Thumb Code    16  stm32f10x_rcc.o(.text)
    RCC_ClearITPendingBit                    0x0800456b   Thumb Code     6  stm32f10x_rcc.o(.text)
    TIM_DeInit                               0x08004599   Thumb Code   304  stm32f10x_tim.o(.text)
    TIM_TimeBaseInit                         0x080046c9   Thumb Code   114  stm32f10x_tim.o(.text)
    TIM_OC1Init                              0x0800473b   Thumb Code   106  stm32f10x_tim.o(.text)
    TIM_OC2Init                              0x080047a5   Thumb Code   120  stm32f10x_tim.o(.text)
    TIM_OC3Init                              0x0800481d   Thumb Code   116  stm32f10x_tim.o(.text)
    TIM_OC4Init                              0x08004891   Thumb Code    90  stm32f10x_tim.o(.text)
    TIM_SetIC4Prescaler                      0x080048eb   Thumb Code    24  stm32f10x_tim.o(.text)
    TIM_SetIC3Prescaler                      0x08004903   Thumb Code    16  stm32f10x_tim.o(.text)
    TIM_SetIC2Prescaler                      0x08004913   Thumb Code    24  stm32f10x_tim.o(.text)
    TIM_SetIC1Prescaler                      0x080049d1   Thumb Code    16  stm32f10x_tim.o(.text)
    TIM_ICInit                               0x08004a39   Thumb Code   270  stm32f10x_tim.o(.text)
    TIM_PWMIConfig                           0x08004b47   Thumb Code   104  stm32f10x_tim.o(.text)
    TIM_BDTRConfig                           0x08004baf   Thumb Code    34  stm32f10x_tim.o(.text)
    TIM_TimeBaseStructInit                   0x08004bd1   Thumb Code    18  stm32f10x_tim.o(.text)
    TIM_OCStructInit                         0x08004be3   Thumb Code    20  stm32f10x_tim.o(.text)
    TIM_ICStructInit                         0x08004bf7   Thumb Code    16  stm32f10x_tim.o(.text)
    TIM_BDTRStructInit                       0x08004c07   Thumb Code    18  stm32f10x_tim.o(.text)
    TIM_Cmd                                  0x08004c19   Thumb Code    20  stm32f10x_tim.o(.text)
    TIM_CtrlPWMOutputs                       0x08004c2d   Thumb Code    22  stm32f10x_tim.o(.text)
    TIM_ITConfig                             0x08004c43   Thumb Code    16  stm32f10x_tim.o(.text)
    TIM_GenerateEvent                        0x08004c53   Thumb Code     4  stm32f10x_tim.o(.text)
    TIM_DMAConfig                            0x08004c57   Thumb Code     8  stm32f10x_tim.o(.text)
    TIM_DMACmd                               0x08004c5f   Thumb Code    16  stm32f10x_tim.o(.text)
    TIM_InternalClockConfig                  0x08004c6f   Thumb Code    10  stm32f10x_tim.o(.text)
    TIM_SelectInputTrigger                   0x08004c79   Thumb Code    12  stm32f10x_tim.o(.text)
    TIM_ITRxExternalClockConfig              0x08004c85   Thumb Code    18  stm32f10x_tim.o(.text)
    TIM_TIxExternalClockConfig               0x08004c97   Thumb Code    46  stm32f10x_tim.o(.text)
    TIM_ETRConfig                            0x08004cc5   Thumb Code    24  stm32f10x_tim.o(.text)
    TIM_ETRClockMode1Config                  0x08004cdd   Thumb Code    18  stm32f10x_tim.o(.text)
    TIM_ETRClockMode2Config                  0x08004cef   Thumb Code    18  stm32f10x_tim.o(.text)
    TIM_PrescalerConfig                      0x08004d01   Thumb Code     6  stm32f10x_tim.o(.text)
    TIM_CounterModeConfig                    0x08004d07   Thumb Code    12  stm32f10x_tim.o(.text)
    TIM_EncoderInterfaceConfig               0x08004d13   Thumb Code    50  stm32f10x_tim.o(.text)
    TIM_ForcedOC1Config                      0x08004d45   Thumb Code    12  stm32f10x_tim.o(.text)
    TIM_ForcedOC2Config                      0x08004d51   Thumb Code    20  stm32f10x_tim.o(.text)
    TIM_ForcedOC3Config                      0x08004d65   Thumb Code    12  stm32f10x_tim.o(.text)
    TIM_ForcedOC4Config                      0x08004d71   Thumb Code    20  stm32f10x_tim.o(.text)
    TIM_ARRPreloadConfig                     0x08004d85   Thumb Code    20  stm32f10x_tim.o(.text)
    TIM_SelectCOM                            0x08004d99   Thumb Code    20  stm32f10x_tim.o(.text)
    TIM_SelectCCDMA                          0x08004dad   Thumb Code    20  stm32f10x_tim.o(.text)
    TIM_CCPreloadControl                     0x08004dc1   Thumb Code    20  stm32f10x_tim.o(.text)
    TIM_OC1PreloadConfig                     0x08004dd5   Thumb Code    32  stm32f10x_tim.o(.text)
    TIM_OC2PreloadConfig                     0x08004df5   Thumb Code    20  stm32f10x_tim.o(.text)
    TIM_OC3PreloadConfig                     0x08004e09   Thumb Code    12  stm32f10x_tim.o(.text)
    TIM_OC4PreloadConfig                     0x08004e15   Thumb Code    20  stm32f10x_tim.o(.text)
    TIM_OC1FastConfig                        0x08004e29   Thumb Code    12  stm32f10x_tim.o(.text)
    TIM_OC2FastConfig                        0x08004e35   Thumb Code    20  stm32f10x_tim.o(.text)
    TIM_OC3FastConfig                        0x08004e49   Thumb Code    12  stm32f10x_tim.o(.text)
    TIM_OC4FastConfig                        0x08004e55   Thumb Code    20  stm32f10x_tim.o(.text)
    TIM_ClearOC1Ref                          0x08004e69   Thumb Code    12  stm32f10x_tim.o(.text)
    TIM_ClearOC2Ref                          0x08004e75   Thumb Code    20  stm32f10x_tim.o(.text)
    TIM_ClearOC3Ref                          0x08004e89   Thumb Code    12  stm32f10x_tim.o(.text)
    TIM_ClearOC4Ref                          0x08004e95   Thumb Code    20  stm32f10x_tim.o(.text)
    TIM_OC1PolarityConfig                    0x08004ea9   Thumb Code    12  stm32f10x_tim.o(.text)
    TIM_OC1NPolarityConfig                   0x08004eb5   Thumb Code    12  stm32f10x_tim.o(.text)
    TIM_OC2PolarityConfig                    0x08004ec1   Thumb Code    20  stm32f10x_tim.o(.text)
    TIM_OC2NPolarityConfig                   0x08004ed5   Thumb Code    20  stm32f10x_tim.o(.text)
    TIM_OC3PolarityConfig                    0x08004ee9   Thumb Code    20  stm32f10x_tim.o(.text)
    TIM_OC3NPolarityConfig                   0x08004efd   Thumb Code    20  stm32f10x_tim.o(.text)
    TIM_OC4PolarityConfig                    0x08004f11   Thumb Code    20  stm32f10x_tim.o(.text)
    TIM_CCxCmd                               0x08004f25   Thumb Code    22  stm32f10x_tim.o(.text)
    TIM_CCxNCmd                              0x08004f3b   Thumb Code    22  stm32f10x_tim.o(.text)
    TIM_SelectOCxM                           0x08004f51   Thumb Code    70  stm32f10x_tim.o(.text)
    TIM_UpdateDisableConfig                  0x08004f97   Thumb Code    20  stm32f10x_tim.o(.text)
    TIM_UpdateRequestConfig                  0x08004fab   Thumb Code    20  stm32f10x_tim.o(.text)
    TIM_SelectHallSensor                     0x08004fbf   Thumb Code    20  stm32f10x_tim.o(.text)
    TIM_SelectOnePulseMode                   0x08004fd3   Thumb Code    16  stm32f10x_tim.o(.text)
    TIM_SelectOutputTrigger                  0x08004fe3   Thumb Code    16  stm32f10x_tim.o(.text)
    TIM_SelectSlaveMode                      0x08004ff3   Thumb Code    16  stm32f10x_tim.o(.text)
    TIM_SelectMasterSlaveMode                0x08005003   Thumb Code    16  stm32f10x_tim.o(.text)
    TIM_SetCounter                           0x08005013   Thumb Code     4  stm32f10x_tim.o(.text)
    TIM_SetAutoreload                        0x08005017   Thumb Code     4  stm32f10x_tim.o(.text)
    TIM_SetCompare1                          0x0800501b   Thumb Code     4  stm32f10x_tim.o(.text)
    TIM_SetCompare2                          0x0800501f   Thumb Code     4  stm32f10x_tim.o(.text)
    TIM_SetCompare3                          0x08005023   Thumb Code     4  stm32f10x_tim.o(.text)
    TIM_SetCompare4                          0x08005027   Thumb Code     6  stm32f10x_tim.o(.text)
    TIM_SetClockDivision                     0x0800502d   Thumb Code    16  stm32f10x_tim.o(.text)
    TIM_GetCapture1                          0x0800503d   Thumb Code     4  stm32f10x_tim.o(.text)
    TIM_GetCapture2                          0x08005041   Thumb Code     4  stm32f10x_tim.o(.text)
    TIM_GetCapture3                          0x08005045   Thumb Code     4  stm32f10x_tim.o(.text)
    TIM_GetCapture4                          0x08005049   Thumb Code     6  stm32f10x_tim.o(.text)
    TIM_GetCounter                           0x0800504f   Thumb Code     4  stm32f10x_tim.o(.text)
    TIM_GetPrescaler                         0x08005053   Thumb Code     4  stm32f10x_tim.o(.text)
    TIM_GetFlagStatus                        0x08005057   Thumb Code    14  stm32f10x_tim.o(.text)
    TIM_ClearFlag                            0x08005065   Thumb Code     6  stm32f10x_tim.o(.text)
    TIM_GetITStatus                          0x0800506b   Thumb Code    24  stm32f10x_tim.o(.text)
    TIM_ClearITPendingBit                    0x08005083   Thumb Code     6  stm32f10x_tim.o(.text)
    SystemInit                               0x08005135   Thumb Code    64  system_stm32f10x.o(.text)
    SystemCoreClockUpdate                    0x08005175   Thumb Code    94  system_stm32f10x.o(.text)
    Reset_Handler                            0x080051fd   Thumb Code     8  startup_stm32f10x_md.o(.text)
    ADC1_2_IRQHandler                        0x08005217   Thumb Code     0  startup_stm32f10x_md.o(.text)
    CAN1_RX1_IRQHandler                      0x08005217   Thumb Code     0  startup_stm32f10x_md.o(.text)
    CAN1_SCE_IRQHandler                      0x08005217   Thumb Code     0  startup_stm32f10x_md.o(.text)
    DMA1_Channel2_IRQHandler                 0x08005217   Thumb Code     0  startup_stm32f10x_md.o(.text)
    DMA1_Channel3_IRQHandler                 0x08005217   Thumb Code     0  startup_stm32f10x_md.o(.text)
    DMA1_Channel4_IRQHandler                 0x08005217   Thumb Code     0  startup_stm32f10x_md.o(.text)
    DMA1_Channel5_IRQHandler                 0x08005217   Thumb Code     0  startup_stm32f10x_md.o(.text)
    DMA1_Channel6_IRQHandler                 0x08005217   Thumb Code     0  startup_stm32f10x_md.o(.text)
    DMA1_Channel7_IRQHandler                 0x08005217   Thumb Code     0  startup_stm32f10x_md.o(.text)
    EXTI0_IRQHandler                         0x08005217   Thumb Code     0  startup_stm32f10x_md.o(.text)
    EXTI15_10_IRQHandler                     0x08005217   Thumb Code     0  startup_stm32f10x_md.o(.text)
    EXTI1_IRQHandler                         0x08005217   Thumb Code     0  startup_stm32f10x_md.o(.text)
    EXTI2_IRQHandler                         0x08005217   Thumb Code     0  startup_stm32f10x_md.o(.text)
    EXTI3_IRQHandler                         0x08005217   Thumb Code     0  startup_stm32f10x_md.o(.text)
    EXTI4_IRQHandler                         0x08005217   Thumb Code     0  startup_stm32f10x_md.o(.text)
    FLASH_IRQHandler                         0x08005217   Thumb Code     0  startup_stm32f10x_md.o(.text)
    I2C1_ER_IRQHandler                       0x08005217   Thumb Code     0  startup_stm32f10x_md.o(.text)
    I2C1_EV_IRQHandler                       0x08005217   Thumb Code     0  startup_stm32f10x_md.o(.text)
    I2C2_ER_IRQHandler                       0x08005217   Thumb Code     0  startup_stm32f10x_md.o(.text)
    I2C2_EV_IRQHandler                       0x08005217   Thumb Code     0  startup_stm32f10x_md.o(.text)
    PVD_IRQHandler                           0x08005217   Thumb Code     0  startup_stm32f10x_md.o(.text)
    RCC_IRQHandler                           0x08005217   Thumb Code     0  startup_stm32f10x_md.o(.text)
    RTCAlarm_IRQHandler                      0x08005217   Thumb Code     0  startup_stm32f10x_md.o(.text)
    RTC_IRQHandler                           0x08005217   Thumb Code     0  startup_stm32f10x_md.o(.text)
    SPI1_IRQHandler                          0x08005217   Thumb Code     0  startup_stm32f10x_md.o(.text)
    SPI2_IRQHandler                          0x08005217   Thumb Code     0  startup_stm32f10x_md.o(.text)
    TAMPER_IRQHandler                        0x08005217   Thumb Code     0  startup_stm32f10x_md.o(.text)
    TIM1_BRK_IRQHandler                      0x08005217   Thumb Code     0  startup_stm32f10x_md.o(.text)
    TIM1_CC_IRQHandler                       0x08005217   Thumb Code     0  startup_stm32f10x_md.o(.text)
    TIM1_TRG_COM_IRQHandler                  0x08005217   Thumb Code     0  startup_stm32f10x_md.o(.text)
    TIM1_UP_IRQHandler                       0x08005217   Thumb Code     0  startup_stm32f10x_md.o(.text)
    TIM3_IRQHandler                          0x08005217   Thumb Code     0  startup_stm32f10x_md.o(.text)
    TIM4_IRQHandler                          0x08005217   Thumb Code     0  startup_stm32f10x_md.o(.text)
    USART1_IRQHandler                        0x08005217   Thumb Code     0  startup_stm32f10x_md.o(.text)
    USART2_IRQHandler                        0x08005217   Thumb Code     0  startup_stm32f10x_md.o(.text)
    USART3_IRQHandler                        0x08005217   Thumb Code     0  startup_stm32f10x_md.o(.text)
    USBWakeUp_IRQHandler                     0x08005217   Thumb Code     0  startup_stm32f10x_md.o(.text)
    USB_HP_CAN1_TX_IRQHandler                0x08005217   Thumb Code     0  startup_stm32f10x_md.o(.text)
    USB_LP_CAN1_RX0_IRQHandler               0x08005217   Thumb Code     0  startup_stm32f10x_md.o(.text)
    WWDG_IRQHandler                          0x08005217   Thumb Code     0  startup_stm32f10x_md.o(.text)
    __user_initial_stackheap                 0x08005219   Thumb Code     0  startup_stm32f10x_md.o(.text)
    __use_two_region_memory                  0x0800523d   Thumb Code     2  heapauxi.o(.text)
    __rt_heap_escrow$2region                 0x0800523f   Thumb Code     2  heapauxi.o(.text)
    __rt_heap_expand$2region                 0x08005241   Thumb Code     2  heapauxi.o(.text)
    __read_errno                             0x08005243   Thumb Code    10  _rserrno.o(.text)
    __set_errno                              0x0800524d   Thumb Code    12  _rserrno.o(.text)
    __aeabi_errno_addr                       0x08005259   Thumb Code     8  rt_errno_addr_intlibspace.o(.text)
    __errno$intlibspace                      0x08005259   Thumb Code     0  rt_errno_addr_intlibspace.o(.text)
    __rt_errno_addr$intlibspace              0x08005259   Thumb Code     0  rt_errno_addr_intlibspace.o(.text)
    __user_libspace                          0x08005261   Thumb Code     8  libspace.o(.text)
    __user_perproc_libspace                  0x08005261   Thumb Code     0  libspace.o(.text)
    __user_perthread_libspace                0x08005261   Thumb Code     0  libspace.o(.text)
    __user_setup_stackheap                   0x08005269   Thumb Code    74  sys_stackheap_outer.o(.text)
    exit                                     0x080052b3   Thumb Code    12  exit.o(.text)
    _sys_exit                                0x080052c1   Thumb Code     8  sys_exit.o(.text)
    __I$use$semihosting                      0x080052cd   Thumb Code     0  use_no_semi.o(.text)
    __use_no_semihosting_swi                 0x080052cd   Thumb Code     2  use_no_semi.o(.text)
    __ARM_fpclassify                         0x080052cf   Thumb Code    40  fpclassify.o(i.__ARM_fpclassify)
    __semihosting_library_function           0x080052cf   Thumb Code     0  indicate_semi.o(.text)
    __kernel_poly                            0x080052f7   Thumb Code   170  poly.o(i.__kernel_poly)
    __mathlib_dbl_underflow                  0x080053a1   Thumb Code    10  dunder.o(i.__mathlib_dbl_underflow)
    pow                                      0x080053b1   Thumb Code  2510  pow.o(i.pow)
    sqrt                                     0x08005d91   Thumb Code    76  sqrt.o(i.sqrt)
    __aeabi_d2f                              0x08005ddd   Thumb Code     0  d2f.o(x$fpl$d2f)
    _d2f                                     0x08005ddd   Thumb Code    98  d2f.o(x$fpl$d2f)
    __aeabi_dadd                             0x08005e41   Thumb Code     0  daddsub_clz.o(x$fpl$dadd)
    _dadd                                    0x08005e41   Thumb Code   332  daddsub_clz.o(x$fpl$dadd)
    __fpl_dcheck_NaN1                        0x08005f91   Thumb Code    10  dcheck1.o(x$fpl$dcheck1)
    __fpl_dcmp_Inf                           0x08005fa1   Thumb Code    24  dcmpi.o(x$fpl$dcmpinf)
    __aeabi_ddiv                             0x08005fb9   Thumb Code     0  ddiv.o(x$fpl$ddiv)
    _ddiv                                    0x08005fb9   Thumb Code   552  ddiv.o(x$fpl$ddiv)
    __aeabi_d2iz                             0x08006269   Thumb Code     0  dfix.o(x$fpl$dfix)
    _dfix                                    0x08006269   Thumb Code    94  dfix.o(x$fpl$dfix)
    __aeabi_d2uiz                            0x080062c9   Thumb Code     0  dfixu.o(x$fpl$dfixu)
    _dfixu                                   0x080062c9   Thumb Code    90  dfixu.o(x$fpl$dfixu)
    __aeabi_i2d                              0x08006323   Thumb Code     0  dflt_clz.o(x$fpl$dflt)
    _dflt                                    0x08006323   Thumb Code    46  dflt_clz.o(x$fpl$dflt)
    __aeabi_ui2d                             0x08006351   Thumb Code     0  dflt_clz.o(x$fpl$dfltu)
    _dfltu                                   0x08006351   Thumb Code    38  dflt_clz.o(x$fpl$dfltu)
    __aeabi_cdcmple                          0x08006379   Thumb Code     0  dleqf.o(x$fpl$dleqf)
    _dcmple                                  0x08006379   Thumb Code   120  dleqf.o(x$fpl$dleqf)
    __fpl_dcmple_InfNaN                      0x080063db   Thumb Code     0  dleqf.o(x$fpl$dleqf)
    __aeabi_dmul                             0x080063f1   Thumb Code     0  dmul.o(x$fpl$dmul)
    _dmul                                    0x080063f1   Thumb Code   332  dmul.o(x$fpl$dmul)
    __fpl_dnaninf                            0x08006545   Thumb Code   156  dnaninf.o(x$fpl$dnaninf)
    __fpl_dretinf                            0x080065e1   Thumb Code    12  dretinf.o(x$fpl$dretinf)
    __aeabi_cdrcmple                         0x080065ed   Thumb Code     0  drleqf.o(x$fpl$drleqf)
    _drcmple                                 0x080065ed   Thumb Code   108  drleqf.o(x$fpl$drleqf)
    __aeabi_drsub                            0x08006659   Thumb Code     0  daddsub_clz.o(x$fpl$drsb)
    _drsb                                    0x08006659   Thumb Code    22  daddsub_clz.o(x$fpl$drsb)
    _dsqrt                                   0x08006671   Thumb Code   456  dsqrt_noumaal.o(x$fpl$dsqrt)
    __aeabi_dsub                             0x0800683d   Thumb Code     0  daddsub_clz.o(x$fpl$dsub)
    _dsub                                    0x0800683d   Thumb Code   464  daddsub_clz.o(x$fpl$dsub)
    __aeabi_f2d                              0x08006a11   Thumb Code     0  f2d.o(x$fpl$f2d)
    _f2d                                     0x08006a11   Thumb Code    86  f2d.o(x$fpl$f2d)
    __aeabi_fadd                             0x08006a69   Thumb Code     0  faddsub_clz.o(x$fpl$fadd)
    _fadd                                    0x08006a69   Thumb Code   196  faddsub_clz.o(x$fpl$fadd)
    __fpl_fcheck_NaN1                        0x08006b2d   Thumb Code     6  fcheck1.o(x$fpl$fcheck1)
    __aeabi_fdiv                             0x08006b39   Thumb Code     0  fdiv.o(x$fpl$fdiv)
    _fdiv                                    0x08006b39   Thumb Code   384  fdiv.o(x$fpl$fdiv)
    __aeabi_f2iz                             0x08006cbd   Thumb Code     0  ffix.o(x$fpl$ffix)
    _ffix                                    0x08006cbd   Thumb Code    54  ffix.o(x$fpl$ffix)
    __aeabi_f2uiz                            0x08006cf5   Thumb Code     0  ffixu.o(x$fpl$ffixu)
    _ffixu                                   0x08006cf5   Thumb Code    62  ffixu.o(x$fpl$ffixu)
    __aeabi_i2f                              0x08006d35   Thumb Code     0  fflt_clz.o(x$fpl$fflt)
    _fflt                                    0x08006d35   Thumb Code    48  fflt_clz.o(x$fpl$fflt)
    __aeabi_fmul                             0x08006d65   Thumb Code     0  fmul.o(x$fpl$fmul)
    _fmul                                    0x08006d65   Thumb Code   258  fmul.o(x$fpl$fmul)
    __fpl_fnaninf                            0x08006e67   Thumb Code   140  fnaninf.o(x$fpl$fnaninf)
    __fpl_fretinf                            0x08006ef3   Thumb Code    10  fretinf.o(x$fpl$fretinf)
    __aeabi_fsub                             0x08006efd   Thumb Code     0  faddsub_clz.o(x$fpl$fsub)
    _fsub                                    0x08006efd   Thumb Code   234  faddsub_clz.o(x$fpl$fsub)
    __fpl_return_NaN                         0x08006fe7   Thumb Code   100  retnan.o(x$fpl$retnan)
    __ARM_scalbn                             0x0800704b   Thumb Code    92  scalbn.o(x$fpl$scalbn)
    __ARM_scalbnf                            0x080070a7   Thumb Code    76  scalbnf.o(x$fpl$scalbnf)
    __fpl_cmpreturn                          0x080070f3   Thumb Code    48  trapv.o(x$fpl$trapveneer)
    __I$use$fp                               0x08007122   Number         0  usenofp.o(x$fpl$usenofp)
    ascii                                    0x08007122   Data         256  main.o(.constdata)
    TBL_out                                  0x08007224   Data        4000  user.o(.constdata)
    TemTblJ                                  0x080081c4   Data         140  user.o(.constdata)
    TemTblK                                  0x08008250   Data         140  user.o(.constdata)
    TemTblNTC                                0x080082dc   Data         132  user.o(.constdata)
    __mathlib_zero                           0x080083e8   Data           8  qnan.o(.constdata)
    Region$$Table$$Base                      0x080083f0   Number         0  anon$$obj.o(Region$$Table)
    Region$$Table$$Limit                     0x08008410   Number         0  anon$$obj.o(Region$$Table)
    disUpFlag                                0x20000000   Data           1  main.o(.data)
    ModeKey                                  0x20000002   Data           1  main.o(.data)
    ShiftKey                                 0x20000003   Data           1  main.o(.data)
    UpKey                                    0x20000004   Data           1  main.o(.data)
    DownKey                                  0x20000005   Data           1  main.o(.data)
    NumLed                                   0x20000006   Data           2  main.o(.data)
    SYScycle                                 0x20000008   Data           2  main.o(.data)
    KeyResCycle                              0x2000000a   Data           2  main.o(.data)
    power                                    0x2000000c   Data           2  main.o(.data)
    DisplayAddress                           0x2000000e   Data          18  main.o(.data)
    DivNumPV                                 0x20000020   Data           2  main.o(.data)
    UpOrDownToSV_Flag                        0x20000022   Data           1  main.o(.data)
    disCheck                                 0x20000023   Data           1  main.o(.data)
    divflag                                  0x20000024   Data           1  main.o(.data)
    CountStep                                0x20000025   Data           1  main.o(.data)
    PressTimeCount                           0x2000007c   Data           5  taskmain2.o(.data)
    SystemCoreClock                          0x2000009c   Data           4  system_stm32f10x.o(.data)
    AHBPrescTable                            0x200000a0   Data          16  system_stm32f10x.o(.data)
    SYS                                      0x200000b0   Data         264  main.o(.bss)
    SegLed                                   0x200001b8   Data          20  main.o(.bss)
    LED                                      0x200001cc   Data          20  main.o(.bss)
    TurnData                                 0x200001e0   Data          60  main.o(.bss)
    TurnData2                                0x2000021c   Data          60  main.o(.bss)
    TurnDataAll                              0x20000258   Data          40  main.o(.bss)
    Tem                                      0x20000280   Data          20  taskmain1.o(.bss)
    Env                                      0x20000294   Data          20  taskmain1.o(.bss)
    __libspace_start                         0x200002b4   Data          96  libspace.o(.bss)
    __temporary_stack_top$libspace           0x20000314   Data           0  libspace.o(.bss)



==============================================================================

Memory Map of the image

  Image Entry point : 0x080000ed

  Load Region LR_IROM1 (Base: 0x08000000, Size: 0x000084c0, Max: 0x00020000, ABSOLUTE)

    Execution Region ER_IROM1 (Base: 0x08000000, Size: 0x00008410, Max: 0x00020000, ABSOLUTE)

    Base Addr    Size         Type   Attr      Idx    E Section Name        Object

    0x08000000   0x000000ec   Data   RO          555    RESET               startup_stm32f10x_md.o
    0x080000ec   0x00000008   Code   RO          564  * !!!main             c_w.l(__main.o)
    0x080000f4   0x00000034   Code   RO          835    !!!scatter          c_w.l(__scatter.o)
    0x08000128   0x0000001a   Code   RO          837    !!handler_copy      c_w.l(__scatter_copy.o)
    0x08000142   0x00000002   PAD
    0x08000144   0x0000001c   Code   RO          839    !!handler_zi        c_w.l(__scatter_zi.o)
    0x08000160   0x00000002   Code   RO          707    .ARM.Collect$$libinit$$00000000  c_w.l(libinit.o)
    0x08000162   0x00000000   Code   RO          715    .ARM.Collect$$libinit$$00000002  c_w.l(libinit2.o)
    0x08000162   0x00000000   Code   RO          718    .ARM.Collect$$libinit$$00000008  c_w.l(libinit2.o)
    0x08000162   0x00000000   Code   RO          720    .ARM.Collect$$libinit$$0000000A  c_w.l(libinit2.o)
    0x08000162   0x00000000   Code   RO          722    .ARM.Collect$$libinit$$0000000C  c_w.l(libinit2.o)
    0x08000162   0x00000000   Code   RO          725    .ARM.Collect$$libinit$$0000000F  c_w.l(libinit2.o)
    0x08000162   0x00000000   Code   RO          727    .ARM.Collect$$libinit$$00000011  c_w.l(libinit2.o)
    0x08000162   0x00000000   Code   RO          729    .ARM.Collect$$libinit$$00000013  c_w.l(libinit2.o)
    0x08000162   0x00000000   Code   RO          731    .ARM.Collect$$libinit$$00000015  c_w.l(libinit2.o)
    0x08000162   0x00000000   Code   RO          733    .ARM.Collect$$libinit$$00000017  c_w.l(libinit2.o)
    0x08000162   0x00000000   Code   RO          735    .ARM.Collect$$libinit$$00000019  c_w.l(libinit2.o)
    0x08000162   0x00000000   Code   RO          737    .ARM.Collect$$libinit$$0000001B  c_w.l(libinit2.o)
    0x08000162   0x00000000   Code   RO          739    .ARM.Collect$$libinit$$0000001D  c_w.l(libinit2.o)
    0x08000162   0x00000000   Code   RO          741    .ARM.Collect$$libinit$$0000001F  c_w.l(libinit2.o)
    0x08000162   0x00000000   Code   RO          743    .ARM.Collect$$libinit$$00000021  c_w.l(libinit2.o)
    0x08000162   0x00000000   Code   RO          745    .ARM.Collect$$libinit$$00000023  c_w.l(libinit2.o)
    0x08000162   0x00000000   Code   RO          749    .ARM.Collect$$libinit$$0000002A  c_w.l(libinit2.o)
    0x08000162   0x00000000   Code   RO          751    .ARM.Collect$$libinit$$0000002C  c_w.l(libinit2.o)
    0x08000162   0x00000000   Code   RO          753    .ARM.Collect$$libinit$$0000002E  c_w.l(libinit2.o)
    0x08000162   0x00000000   Code   RO          755    .ARM.Collect$$libinit$$00000030  c_w.l(libinit2.o)
    0x08000162   0x00000002   Code   RO          756    .ARM.Collect$$libinit$$00000031  c_w.l(libinit2.o)
    0x08000164   0x00000002   Code   RO          776    .ARM.Collect$$libshutdown$$00000000  c_w.l(libshutdown.o)
    0x08000166   0x00000000   Code   RO          790    .ARM.Collect$$libshutdown$$00000003  c_w.l(libshutdown2.o)
    0x08000166   0x00000000   Code   RO          793    .ARM.Collect$$libshutdown$$00000006  c_w.l(libshutdown2.o)
    0x08000166   0x00000000   Code   RO          796    .ARM.Collect$$libshutdown$$00000009  c_w.l(libshutdown2.o)
    0x08000166   0x00000000   Code   RO          798    .ARM.Collect$$libshutdown$$0000000B  c_w.l(libshutdown2.o)
    0x08000166   0x00000000   Code   RO          801    .ARM.Collect$$libshutdown$$0000000E  c_w.l(libshutdown2.o)
    0x08000166   0x00000002   Code   RO          802    .ARM.Collect$$libshutdown$$0000000F  c_w.l(libshutdown2.o)
    0x08000168   0x00000000   Code   RO          636    .ARM.Collect$$rtentry$$00000000  c_w.l(rtentry.o)
    0x08000168   0x00000000   Code   RO          670    .ARM.Collect$$rtentry$$00000002  c_w.l(rtentry2.o)
    0x08000168   0x00000006   Code   RO          682    .ARM.Collect$$rtentry$$00000004  c_w.l(rtentry4.o)
    0x0800016e   0x00000000   Code   RO          672    .ARM.Collect$$rtentry$$00000009  c_w.l(rtentry2.o)
    0x0800016e   0x00000004   Code   RO          673    .ARM.Collect$$rtentry$$0000000A  c_w.l(rtentry2.o)
    0x08000172   0x00000000   Code   RO          675    .ARM.Collect$$rtentry$$0000000C  c_w.l(rtentry2.o)
    0x08000172   0x00000008   Code   RO          676    .ARM.Collect$$rtentry$$0000000D  c_w.l(rtentry2.o)
    0x0800017a   0x00000002   Code   RO          712    .ARM.Collect$$rtexit$$00000000  c_w.l(rtexit.o)
    0x0800017c   0x00000000   Code   RO          758    .ARM.Collect$$rtexit$$00000002  c_w.l(rtexit2.o)
    0x0800017c   0x00000004   Code   RO          759    .ARM.Collect$$rtexit$$00000003  c_w.l(rtexit2.o)
    0x08000180   0x00000006   Code   RO          760    .ARM.Collect$$rtexit$$00000004  c_w.l(rtexit2.o)
    0x08000186   0x00000002   PAD
    0x08000188   0x00000e8c   Code   RO            1    .text               main.o
    0x08001014   0x0000019c   Code   RO          125    .text               user.o
    0x080011b0   0x00000328   Code   RO          147    .text               bps.o
    0x080014d8   0x000002d4   Code   RO          163    .text               lib.o
    0x080017ac   0x000011a2   Code   RO          180    .text               taskmain1.o
    0x0800294e   0x00000002   PAD
    0x08002950   0x00000ac4   Code   RO          199    .text               taskmain2.o
    0x08003414   0x0000057c   Code   RO          214    .text               at24cxx.o
    0x08003990   0x00000014   Code   RO          228    .text               stm32f10x_it.o
    0x080039a4   0x000000b0   Code   RO          243    .text               misc.o
    0x08003a54   0x00000330   Code   RO          255    .text               stm32f10x_adc.o
    0x08003d84   0x000001c8   Code   RO          339    .text               stm32f10x_dma.o
    0x08003f4c   0x000000e8   Code   RO          351    .text               stm32f10x_exti.o
    0x08004034   0x00000260   Code   RO          388    .text               stm32f10x_gpio.o
    0x08004294   0x0000003c   Code   RO          412    .text               stm32f10x_iwdg.o
    0x080042d0   0x000002c8   Code   RO          436    .text               stm32f10x_rcc.o
    0x08004598   0x00000af0   Code   RO          487    .text               stm32f10x_tim.o
    0x08005088   0x00000174   Code   RO          535    .text               system_stm32f10x.o
    0x080051fc   0x00000040   Code   RO          556    .text               startup_stm32f10x_md.o
    0x0800523c   0x00000006   Code   RO          562    .text               c_w.l(heapauxi.o)
    0x08005242   0x00000016   Code   RO          637    .text               c_w.l(_rserrno.o)
    0x08005258   0x00000008   Code   RO          687    .text               c_w.l(rt_errno_addr_intlibspace.o)
    0x08005260   0x00000008   Code   RO          695    .text               c_w.l(libspace.o)
    0x08005268   0x0000004a   Code   RO          698    .text               c_w.l(sys_stackheap_outer.o)
    0x080052b2   0x0000000c   Code   RO          700    .text               c_w.l(exit.o)
    0x080052be   0x00000002   PAD
    0x080052c0   0x0000000c   Code   RO          768    .text               c_w.l(sys_exit.o)
    0x080052cc   0x00000002   Code   RO          779    .text               c_w.l(use_no_semi.o)
    0x080052ce   0x00000000   Code   RO          781    .text               c_w.l(indicate_semi.o)
    0x080052ce   0x00000028   Code   RO          656    i.__ARM_fpclassify  m_ws.l(fpclassify.o)
    0x080052f6   0x000000aa   Code   RO          658    i.__kernel_poly     m_ws.l(poly.o)
    0x080053a0   0x00000010   Code   RO          654    i.__mathlib_dbl_underflow  m_ws.l(dunder.o)
    0x080053b0   0x000009e0   Code   RO          627    i.pow               m_ws.l(pow.o)
    0x08005d90   0x0000004c   Code   RO          662    i.sqrt              m_ws.l(sqrt.o)
    0x08005ddc   0x00000062   Code   RO          566    x$fpl$d2f           fz_ws.l(d2f.o)
    0x08005e3e   0x00000002   PAD
    0x08005e40   0x00000150   Code   RO          568    x$fpl$dadd          fz_ws.l(daddsub_clz.o)
    0x08005f90   0x00000010   Code   RO          639    x$fpl$dcheck1       fz_ws.l(dcheck1.o)
    0x08005fa0   0x00000018   Code   RO          708    x$fpl$dcmpinf       fz_ws.l(dcmpi.o)
    0x08005fb8   0x000002b0   Code   RO          575    x$fpl$ddiv          fz_ws.l(ddiv.o)
    0x08006268   0x0000005e   Code   RO          578    x$fpl$dfix          fz_ws.l(dfix.o)
    0x080062c6   0x00000002   PAD
    0x080062c8   0x0000005a   Code   RO          582    x$fpl$dfixu         fz_ws.l(dfixu.o)
    0x08006322   0x0000002e   Code   RO          587    x$fpl$dflt          fz_ws.l(dflt_clz.o)
    0x08006350   0x00000026   Code   RO          586    x$fpl$dfltu         fz_ws.l(dflt_clz.o)
    0x08006376   0x00000002   PAD
    0x08006378   0x00000078   Code   RO          689    x$fpl$dleqf         fz_ws.l(dleqf.o)
    0x080063f0   0x00000154   Code   RO          592    x$fpl$dmul          fz_ws.l(dmul.o)
    0x08006544   0x0000009c   Code   RO          641    x$fpl$dnaninf       fz_ws.l(dnaninf.o)
    0x080065e0   0x0000000c   Code   RO          643    x$fpl$dretinf       fz_ws.l(dretinf.o)
    0x080065ec   0x0000006c   Code   RO          645    x$fpl$drleqf        fz_ws.l(drleqf.o)
    0x08006658   0x00000016   Code   RO          569    x$fpl$drsb          fz_ws.l(daddsub_clz.o)
    0x0800666e   0x00000002   PAD
    0x08006670   0x000001cc   Code   RO          691    x$fpl$dsqrt         fz_ws.l(dsqrt_noumaal.o)
    0x0800683c   0x000001d4   Code   RO          570    x$fpl$dsub          fz_ws.l(daddsub_clz.o)
    0x08006a10   0x00000056   Code   RO          594    x$fpl$f2d           fz_ws.l(f2d.o)
    0x08006a66   0x00000002   PAD
    0x08006a68   0x000000c4   Code   RO          596    x$fpl$fadd          fz_ws.l(faddsub_clz.o)
    0x08006b2c   0x0000000c   Code   RO          647    x$fpl$fcheck1       fz_ws.l(fcheck1.o)
    0x08006b38   0x00000184   Code   RO          603    x$fpl$fdiv          fz_ws.l(fdiv.o)
    0x08006cbc   0x00000036   Code   RO          606    x$fpl$ffix          fz_ws.l(ffix.o)
    0x08006cf2   0x00000002   PAD
    0x08006cf4   0x0000003e   Code   RO          610    x$fpl$ffixu         fz_ws.l(ffixu.o)
    0x08006d32   0x00000002   PAD
    0x08006d34   0x00000030   Code   RO          615    x$fpl$fflt          fz_ws.l(fflt_clz.o)
    0x08006d64   0x00000102   Code   RO          620    x$fpl$fmul          fz_ws.l(fmul.o)
    0x08006e66   0x0000008c   Code   RO          649    x$fpl$fnaninf       fz_ws.l(fnaninf.o)
    0x08006ef2   0x0000000a   Code   RO          651    x$fpl$fretinf       fz_ws.l(fretinf.o)
    0x08006efc   0x000000ea   Code   RO          598    x$fpl$fsub          fz_ws.l(faddsub_clz.o)
    0x08006fe6   0x00000064   Code   RO          693    x$fpl$retnan        fz_ws.l(retnan.o)
    0x0800704a   0x0000005c   Code   RO          622    x$fpl$scalbn        fz_ws.l(scalbn.o)
    0x080070a6   0x0000004c   Code   RO          624    x$fpl$scalbnf       fz_ws.l(scalbnf.o)
    0x080070f2   0x00000030   Code   RO          710    x$fpl$trapveneer    fz_ws.l(trapv.o)
    0x08007122   0x00000000   Code   RO          653    x$fpl$usenofp       fz_ws.l(usenofp.o)
    0x08007122   0x00000100   Data   RO            7    .constdata          main.o
    0x08007222   0x00000002   PAD
    0x08007224   0x0000113c   Data   RO          126    .constdata          user.o
    0x08008360   0x00000088   Data   RO          628    .constdata          m_ws.l(pow.o)
    0x080083e8   0x00000008   Data   RO          660    .constdata          m_ws.l(qnan.o)
    0x080083f0   0x00000020   Data   RO          833    Region$$Table       anon$$obj.o


    Execution Region RW_IRAM1 (Base: 0x20000000, Size: 0x00000918, Max: 0x00005000, ABSOLUTE)

    Base Addr    Size         Type   Attr      Idx    E Section Name        Object

    0x20000000   0x00000020   Data   RW            8    .data               main.o
    0x20000020   0x00000002   Data   RW            9    .data               main.o
    0x20000022   0x00000001   Data   RW           10    .data               main.o
    0x20000023   0x00000001   Data   RW           11    .data               main.o
    0x20000024   0x00000001   Data   RW           12    .data               main.o
    0x20000025   0x00000001   Data   RW           15    .data               main.o
    0x20000026   0x00000002   PAD
    0x20000028   0x00000008   Data   RW          127    .data               user.o
    0x20000030   0x00000004   Data   RW          164    .data               lib.o
    0x20000034   0x00000048   Data   RW          182    .data               taskmain1.o
    0x2000007c   0x00000005   Data   RW          200    .data               taskmain2.o
    0x20000081   0x00000001   PAD
    0x20000082   0x00000004   Data   RW          215    .data               at24cxx.o
    0x20000086   0x00000014   Data   RW          437    .data               stm32f10x_rcc.o
    0x2000009a   0x00000002   PAD
    0x2000009c   0x00000014   Data   RW          536    .data               system_stm32f10x.o
    0x200000b0   0x00000130   Zero   RW            2    .bss                main.o
    0x200001e0   0x0000003c   Zero   RW            3    .bss                main.o
    0x2000021c   0x0000003c   Zero   RW            4    .bss                main.o
    0x20000258   0x00000028   Zero   RW            5    .bss                main.o
    0x20000280   0x00000034   Zero   RW          181    .bss                taskmain1.o
    0x200002b4   0x00000060   Zero   RW          696    .bss                c_w.l(libspace.o)
    0x20000314   0x00000004   PAD
    0x20000318   0x00000200   Zero   RW          554    HEAP                startup_stm32f10x_md.o
    0x20000518   0x00000400   Zero   RW          553    STACK               startup_stm32f10x_md.o


==============================================================================

Image component sizes


      Code (inc. data)   RO Data    RW Data    ZI Data      Debug   Object Name

      1404         34          0          4          0       4107   at24cxx.o
       808         38          0          0          0      16922   bps.o
         0          0          0          0          0         32   core_cm3.o
       724         78          0          4          0       1102   lib.o
      3724         70        256         38        464     276562   main.o
       176         18          0          0          0       1689   misc.o
        64         26        236          0       1536        852   startup_stm32f10x_md.o
       816         24          0          0          0       9445   stm32f10x_adc.o
       456         10          0          0          0       4130   stm32f10x_dma.o
       232          8          0          0          0       2127   stm32f10x_exti.o
       608         36          0          0          0       4965   stm32f10x_gpio.o
        20          0          0          0          0       1194   stm32f10x_it.o
        60          6          0          0          0       1181   stm32f10x_iwdg.o
       712         40          0         20          0       8060   stm32f10x_rcc.o
      2800         84          0          0          0      18186   stm32f10x_tim.o
       372         42          0         20          0       1931   system_stm32f10x.o
      4514        232          0         72         52       6577   taskmain1.o
      2756         50          0          5          0       5206   taskmain2.o
       412         18       4412          8          0       5942   user.o

    ----------------------------------------------------------------------
     20660        814       4938        176       2052     370210   Object Totals
         0          0         32          0          0          0   (incl. Generated)
         2          0          2          5          0          0   (incl. Padding)

    ----------------------------------------------------------------------

      Code (inc. data)   RO Data    RW Data    ZI Data      Debug   Library Member Name

         8          0          0          0          0         68   __main.o
        52          8          0          0          0          0   __scatter.o
        26          0          0          0          0          0   __scatter_copy.o
        28          0          0          0          0          0   __scatter_zi.o
        22          0          0          0          0        100   _rserrno.o
        12          0          0          0          0         72   exit.o
         6          0          0          0          0        152   heapauxi.o
         0          0          0          0          0          0   indicate_semi.o
         2          0          0          0          0          0   libinit.o
         2          0          0          0          0          0   libinit2.o
         2          0          0          0          0          0   libshutdown.o
         2          0          0          0          0          0   libshutdown2.o
         8          4          0          0         96         68   libspace.o
         8          4          0          0          0         68   rt_errno_addr_intlibspace.o
         0          0          0          0          0          0   rtentry.o
        12          0          0          0          0          0   rtentry2.o
         6          0          0          0          0          0   rtentry4.o
         2          0          0          0          0          0   rtexit.o
        10          0          0          0          0          0   rtexit2.o
        12          4          0          0          0         68   sys_exit.o
        74          0          0          0          0         80   sys_stackheap_outer.o
         2          0          0          0          0         68   use_no_semi.o
        98          4          0          0          0         92   d2f.o
       826         16          0          0          0        348   daddsub_clz.o
        16          4          0          0          0         68   dcheck1.o
        24          0          0          0          0         68   dcmpi.o
       688        140          0          0          0        208   ddiv.o
        94          4          0          0          0         92   dfix.o
        90          4          0          0          0         92   dfixu.o
        84          0          0          0          0        136   dflt_clz.o
       120          4          0          0          0         92   dleqf.o
       340         12          0          0          0        104   dmul.o
       156          4          0          0          0         92   dnaninf.o
        12          0          0          0          0         68   dretinf.o
       108          0          0          0          0         80   drleqf.o
       460         56          0          0          0        120   dsqrt_noumaal.o
        86          4          0          0          0         84   f2d.o
       430          8          0          0          0        168   faddsub_clz.o
        12          4          0          0          0         68   fcheck1.o
       388         76          0          0          0         96   fdiv.o
        54          4          0          0          0         84   ffix.o
        62          4          0          0          0         84   ffixu.o
        48          0          0          0          0         68   fflt_clz.o
       258          4          0          0          0         84   fmul.o
       140          4          0          0          0         84   fnaninf.o
        10          0          0          0          0         68   fretinf.o
       100          0          0          0          0         68   retnan.o
        92          0          0          0          0         68   scalbn.o
        76          0          0          0          0         68   scalbnf.o
        48          0          0          0          0         68   trapv.o
         0          0          0          0          0          0   usenofp.o
        16          6          0          0          0         68   dunder.o
        40          0          0          0          0         68   fpclassify.o
       170          0          0          0          0         96   poly.o
      2528        190        136          0          0        332   pow.o
         0          0          8          0          0          0   qnan.o
        76          0          0          0          0         84   sqrt.o

    ----------------------------------------------------------------------
      8066        572        144          0        100       4212   Library Totals
        20          0          0          0          4          0   (incl. Padding)

    ----------------------------------------------------------------------

      Code (inc. data)   RO Data    RW Data    ZI Data      Debug   Library Name

       296         20          0          0         96        744   c_w.l
      4920        356          0          0          0       2820   fz_ws.l
      2830        196        144          0          0        648   m_ws.l

    ----------------------------------------------------------------------
      8066        572        144          0        100       4212   Library Totals

    ----------------------------------------------------------------------

==============================================================================


      Code (inc. data)   RO Data    RW Data    ZI Data      Debug   

     28726       1386       5082        176       2152     369430   Grand Totals
     28726       1386       5082        176       2152     369430   ELF Image Totals
     28726       1386       5082        176          0          0   ROM Totals

==============================================================================

    Total RO  Size (Code + RO Data)                33808 (  33.02kB)
    Total RW  Size (RW Data + ZI Data)              2328 (   2.27kB)
    Total ROM Size (Code + RO Data + RW Data)      33984 (  33.19kB)

==============================================================================

